a9-linaro-pre-build-step
' '
'Building file: ../src/main.c'
'Invoking: ARM v7 gcc compiler'
arm-none-eabi-gcc -Wall -O0 -g3 -c -fmessage-length=0 -MT"src/main.o" -mcpu=cortex-a9 -mfpu=vfpv3 -mfloat-abi=hard -I../../zynq_camera_vdma_lcd_bsp/ps7_cortexa9_0/include -MMD -MP -MF"src/main.d" -MT"src/main.o" -o "src/main.o" "../src/main.c"
In file included from ../src/main.c:7:0:
../../zynq_camera_vdma_lcd_bsp/ps7_cortexa9_0/include/xtime_l.h:87:9: note: #pragma message: For the sleep routines, Global timer is being used
 #pragma message ("For the sleep routines, Global timer is being used")
         ^~~~~~~
../src/main.c: In function '_set_exposure1':
../src/main.c:430:2: warning: implicit declaration of function 'cmos_set_exposure2'; did you mean 'cmos_set_exposure'? [-Wimplicit-function-declaration]
  cmos_set_exposure2(exposure);
  ^~~~~~~~~~~~~~~~~~
  cmos_set_exposure
../src/main.c: In function '_set_gain1':
../src/main.c:434:2: warning: implicit declaration of function 'cmos_set_gain2'; did you mean 'cmos_set_gain'? [-Wimplicit-function-declaration]
  cmos_set_gain2(gain);
  ^~~~~~~~~~~~~~
  cmos_set_gain
../src/main.c: In function 'main':
../src/main.c:464:11: warning: implicit declaration of function 'ov5640_init2'; did you mean 'ov5640_init'? [-Wimplicit-function-declaration]
  status = ov5640_init2(cmos_h_pixel, cmos_v_pixel, &total_v_std1); //初始化ov5640
           ^~~~~~~~~~~~
           ov5640_init
../src/main.c: In function 'vip_init_osd':
../src/main.c:654:44: warning: format '%X' expects argument of type 'unsigned int', but argument 6 has type 'u32 {aka long unsigned int}' [-Wformat=]
  printf("osd rect:%lu,%lu,%lu,%lu fg/bg:%08X,%08X\n",
                                         ~~~^
                                         %08lX
../src/main.c:654:49: warning: format '%X' expects argument of type 'unsigned int', but argument 7 has type 'u32 {aka long unsigned int}' [-Wformat=]
  printf("osd rect:%lu,%lu,%lu,%lu fg/bg:%08X,%08X\n",
                                              ~~~^
                                              %08lX
'Finished building: ../src/main.c'
' '
'Building file: ../src/main_h264.c'
'Invoking: ARM v7 gcc compiler'
arm-none-eabi-gcc -Wall -O0 -g3 -c -fmessage-length=0 -MT"src/main_h264.o" -mcpu=cortex-a9 -mfpu=vfpv3 -mfloat-abi=hard -I../../zynq_camera_vdma_lcd_bsp/ps7_cortexa9_0/include -MMD -MP -MF"src/main_h264.d" -MT"src/main_h264.o" -o "src/main_h264.o" "../src/main_h264.c"
'Finished building: ../src/main_h264.c'
' '
'Building file: ../src/ov5640_init.c'
'Invoking: ARM v7 gcc compiler'
arm-none-eabi-gcc -Wall -O0 -g3 -c -fmessage-length=0 -MT"src/ov5640_init.o" -mcpu=cortex-a9 -mfpu=vfpv3 -mfloat-abi=hard -I../../zynq_camera_vdma_lcd_bsp/ps7_cortexa9_0/include -MMD -MP -MF"src/ov5640_init.d" -MT"src/ov5640_init.o" -o "src/ov5640_init.o" "../src/ov5640_init.c"
../src/ov5640_init.c: In function 'iic_init':
../src/ov5640_init.c:37:43: error: 'XPAR_AXI_IIC_DEVICE_ID' undeclared (first use in this function); did you mean 'XPAR_AXI_IIC_1_DEVICE_ID'?
  XIic_Config *cfg_ptr = XIic_LookupConfig(XPAR_AXI_IIC_DEVICE_ID);
                                           ^~~~~~~~~~~~~~~~~~~~~~
                                           XPAR_AXI_IIC_1_DEVICE_ID
../src/ov5640_init.c:37:43: note: each undeclared identifier is reported only once for each function it appears in
make: *** [src/subdir.mk:38: src/ov5640_init.o] Error 1
08:10:09 **** Clean-only build of configuration Debug for project zynq_camera_vdma_lcd ****
make clean 
rm -rf  ./src/main.o ./src/main_h264.o ./src/ov5640_init.o ./src/ov5640_init2.o ./src/sys_intr.o ./src/vdma_api.o  ./src/main.d ./src/main_h264.d ./src/ov5640_init.d ./src/ov5640_init2.d ./src/sys_intr.d ./src/vdma_api.d  zynq_camera_vdma_lcd.elf.size  zynq_camera_vdma_lcd.elf
' '
08:10:09 **** Clean-only build of project zynq_camera_vdma_lcd_bsp ****
make -k clean 
make -C ps7_cortexa9_0/libsrc/axivdma_v6_6/src -s clean 
make -C ps7_cortexa9_0/libsrc/coresightps_dcc_v1_4/src -s clean 
make -C ps7_cortexa9_0/libsrc/cpu_cortexa9_v2_7/src -s clean 
make -C ps7_cortexa9_0/libsrc/ddrps_v1_0/src -s clean 
make -C ps7_cortexa9_0/libsrc/devcfg_v3_5/src -s clean 
make -C ps7_cortexa9_0/libsrc/dmaps_v2_4/src -s clean 
make -C ps7_cortexa9_0/libsrc/gpiops_v3_4/src -s clean 
make -C ps7_cortexa9_0/libsrc/iic_v3_5/src -s clean 
make -C ps7_cortexa9_0/libsrc/intc_v3_8/src -s clean 
make -C ps7_cortexa9_0/libsrc/scugic_v3_10/src -s clean 
make -C ps7_cortexa9_0/libsrc/scutimer_v2_1/src -s clean 
make -C ps7_cortexa9_0/libsrc/scuwdt_v2_1/src -s clean 
make -C ps7_cortexa9_0/libsrc/sdps_v3_6/src -s clean 
make -C ps7_cortexa9_0/libsrc/standalone_v6_8/src -s clean 
make -C ps7_cortexa9_0/libsrc/uartps_v3_7/src -s clean 
make -C ps7_cortexa9_0/libsrc/xadcps_v2_3/src -s clean 
make -C ps7_cortexa9_0/libsrc/xil_camif_v1_0/src -s clean 
rm: lstat‘*.o’失败: Invalid argument
make[1]: *** [Makefile:26: clean] Error 1
make: *** [Makefile:33: ps7_cortexa9_0/libsrc/xil_camif_v1_0/src/make.clean] Error 2
make -C ps7_cortexa9_0/libsrc/xil_isp_lite_v1_0/src -s clean 
rm: lstat‘*.o’失败: Invalid argument
make[1]: *** [Makefile:26: clean] Error 1
make: *** [Makefile:33: ps7_cortexa9_0/libsrc/xil_isp_lite_v1_0/src/make.clean] Error 2
make -C ps7_cortexa9_0/libsrc/xil_vip_v1_0/src -s clean 
rm: lstat‘*.o’失败: Invalid argument
make[1]: *** [Makefile:26: clean] Error 1
make: *** [Makefile:33: ps7_cortexa9_0/libsrc/xil_vip_v1_0/src/make.clean] Error 2
make: Target 'clean' not remade because of errors.
08:10:11 **** Build of project zynq_camera_vdma_lcd_bsp ****
make -k all 
"Running Make include in ps7_cortexa9_0/libsrc/axivdma_v6_6/src"
make -C ps7_cortexa9_0/libsrc/axivdma_v6_6/src -s include  "SHELL=CMD" "COMPILER=arm-none-eabi-gcc" "ARCHIVER=arm-none-eabi-ar" "COMPILER_FLAGS=  -O2 -c" "EXTRA_COMPILER_FLAGS=-mcpu=cortex-a9 -mfpu=vfpv3 -mfloat-abi=hard -nostartfiles -g -Wall -Wextra"
"Running Make include in ps7_cortexa9_0/libsrc/coresightps_dcc_v1_4/src"
make -C ps7_cortexa9_0/libsrc/coresightps_dcc_v1_4/src -s include  "SHELL=CMD" "COMPILER=arm-none-eabi-gcc" "ARCHIVER=arm-none-eabi-ar" "COMPILER_FLAGS=  -O2 -c" "EXTRA_COMPILER_FLAGS=-mcpu=cortex-a9 -mfpu=vfpv3 -mfloat-abi=hard -nostartfiles -g -Wall -Wextra"
"Running Make include in ps7_cortexa9_0/libsrc/cpu_cortexa9_v2_7/src"
make -C ps7_cortexa9_0/libsrc/cpu_cortexa9_v2_7/src -s include  "SHELL=CMD" "COMPILER=arm-none-eabi-gcc" "ARCHIVER=arm-none-eabi-ar" "COMPILER_FLAGS=  -O2 -c" "EXTRA_COMPILER_FLAGS=-mcpu=cortex-a9 -mfpu=vfpv3 -mfloat-abi=hard -nostartfiles -g -Wall -Wextra"
"Running Make include in ps7_cortexa9_0/libsrc/ddrps_v1_0/src"
make -C ps7_cortexa9_0/libsrc/ddrps_v1_0/src -s include  "SHELL=CMD" "COMPILER=arm-none-eabi-gcc" "ARCHIVER=arm-none-eabi-ar" "COMPILER_FLAGS=  -O2 -c" "EXTRA_COMPILER_FLAGS=-mcpu=cortex-a9 -mfpu=vfpv3 -mfloat-abi=hard -nostartfiles -g -Wall -Wextra"
"Running Make include in ps7_cortexa9_0/libsrc/devcfg_v3_5/src"
make -C ps7_cortexa9_0/libsrc/devcfg_v3_5/src -s include  "SHELL=CMD" "COMPILER=arm-none-eabi-gcc" "ARCHIVER=arm-none-eabi-ar" "COMPILER_FLAGS=  -O2 -c" "EXTRA_COMPILER_FLAGS=-mcpu=cortex-a9 -mfpu=vfpv3 -mfloat-abi=hard -nostartfiles -g -Wall -Wextra"
"Running Make include in ps7_cortexa9_0/libsrc/dmaps_v2_4/src"
make -C ps7_cortexa9_0/libsrc/dmaps_v2_4/src -s include  "SHELL=CMD" "COMPILER=arm-none-eabi-gcc" "ARCHIVER=arm-none-eabi-ar" "COMPILER_FLAGS=  -O2 -c" "EXTRA_COMPILER_FLAGS=-mcpu=cortex-a9 -mfpu=vfpv3 -mfloat-abi=hard -nostartfiles -g -Wall -Wextra"
"Running Make include in ps7_cortexa9_0/libsrc/gpiops_v3_4/src"
make -C ps7_cortexa9_0/libsrc/gpiops_v3_4/src -s include  "SHELL=CMD" "COMPILER=arm-none-eabi-gcc" "ARCHIVER=arm-none-eabi-ar" "COMPILER_FLAGS=  -O2 -c" "EXTRA_COMPILER_FLAGS=-mcpu=cortex-a9 -mfpu=vfpv3 -mfloat-abi=hard -nostartfiles -g -Wall -Wextra"
"Running Make include in ps7_cortexa9_0/libsrc/iic_v3_5/src"
make -C ps7_cortexa9_0/libsrc/iic_v3_5/src -s include  "SHELL=CMD" "COMPILER=arm-none-eabi-gcc" "ARCHIVER=arm-none-eabi-ar" "COMPILER_FLAGS=  -O2 -c" "EXTRA_COMPILER_FLAGS=-mcpu=cortex-a9 -mfpu=vfpv3 -mfloat-abi=hard -nostartfiles -g -Wall -Wextra"
"Running Make include in ps7_cortexa9_0/libsrc/intc_v3_8/src"
make -C ps7_cortexa9_0/libsrc/intc_v3_8/src -s include  "SHELL=CMD" "COMPILER=arm-none-eabi-gcc" "ARCHIVER=arm-none-eabi-ar" "COMPILER_FLAGS=  -O2 -c" "EXTRA_COMPILER_FLAGS=-mcpu=cortex-a9 -mfpu=vfpv3 -mfloat-abi=hard -nostartfiles -g -Wall -Wextra"
"Running Make include in ps7_cortexa9_0/libsrc/scugic_v3_10/src"
make -C ps7_cortexa9_0/libsrc/scugic_v3_10/src -s include  "SHELL=CMD" "COMPILER=arm-none-eabi-gcc" "ARCHIVER=arm-none-eabi-ar" "COMPILER_FLAGS=  -O2 -c" "EXTRA_COMPILER_FLAGS=-mcpu=cortex-a9 -mfpu=vfpv3 -mfloat-abi=hard -nostartfiles -g -Wall -Wextra"
"Running Make include in ps7_cortexa9_0/libsrc/scutimer_v2_1/src"
make -C ps7_cortexa9_0/libsrc/scutimer_v2_1/src -s include  "SHELL=CMD" "COMPILER=arm-none-eabi-gcc" "ARCHIVER=arm-none-eabi-ar" "COMPILER_FLAGS=  -O2 -c" "EXTRA_COMPILER_FLAGS=-mcpu=cortex-a9 -mfpu=vfpv3 -mfloat-abi=hard -nostartfiles -g -Wall -Wextra"
"Running Make include in ps7_cortexa9_0/libsrc/scuwdt_v2_1/src"
make -C ps7_cortexa9_0/libsrc/scuwdt_v2_1/src -s include  "SHELL=CMD" "COMPILER=arm-none-eabi-gcc" "ARCHIVER=arm-none-eabi-ar" "COMPILER_FLAGS=  -O2 -c" "EXTRA_COMPILER_FLAGS=-mcpu=cortex-a9 -mfpu=vfpv3 -mfloat-abi=hard -nostartfiles -g -Wall -Wextra"
"Running Make include in ps7_cortexa9_0/libsrc/sdps_v3_6/src"
make -C ps7_cortexa9_0/libsrc/sdps_v3_6/src -s include  "SHELL=CMD" "COMPILER=arm-none-eabi-gcc" "ARCHIVER=arm-none-eabi-ar" "COMPILER_FLAGS=  -O2 -c" "EXTRA_COMPILER_FLAGS=-mcpu=cortex-a9 -mfpu=vfpv3 -mfloat-abi=hard -nostartfiles -g -Wall -Wextra"
"Running Make include in ps7_cortexa9_0/libsrc/standalone_v6_8/src"
make -C ps7_cortexa9_0/libsrc/standalone_v6_8/src -s include  "SHELL=CMD" "COMPILER=arm-none-eabi-gcc" "ARCHIVER=arm-none-eabi-ar" "COMPILER_FLAGS=  -O2 -c" "EXTRA_COMPILER_FLAGS=-mcpu=cortex-a9 -mfpu=vfpv3 -mfloat-abi=hard -nostartfiles -g -Wall -Wextra"
"Running Make include in ps7_cortexa9_0/libsrc/uartps_v3_7/src"
make -C ps7_cortexa9_0/libsrc/uartps_v3_7/src -s include  "SHELL=CMD" "COMPILER=arm-none-eabi-gcc" "ARCHIVER=arm-none-eabi-ar" "COMPILER_FLAGS=  -O2 -c" "EXTRA_COMPILER_FLAGS=-mcpu=cortex-a9 -mfpu=vfpv3 -mfloat-abi=hard -nostartfiles -g -Wall -Wextra"
"Running Make include in ps7_cortexa9_0/libsrc/xadcps_v2_3/src"
make -C ps7_cortexa9_0/libsrc/xadcps_v2_3/src -s include  "SHELL=CMD" "COMPILER=arm-none-eabi-gcc" "ARCHIVER=arm-none-eabi-ar" "COMPILER_FLAGS=  -O2 -c" "EXTRA_COMPILER_FLAGS=-mcpu=cortex-a9 -mfpu=vfpv3 -mfloat-abi=hard -nostartfiles -g -Wall -Wextra"
"Running Make include in ps7_cortexa9_0/libsrc/xil_camif_v1_0/src"
make -C ps7_cortexa9_0/libsrc/xil_camif_v1_0/src -s include  "SHELL=CMD" "COMPILER=arm-none-eabi-gcc" "ARCHIVER=arm-none-eabi-ar" "COMPILER_FLAGS=  -O2 -c" "EXTRA_COMPILER_FLAGS=-mcpu=cortex-a9 -mfpu=vfpv3 -mfloat-abi=hard -nostartfiles -g -Wall -Wextra"
"Running Make include in ps7_cortexa9_0/libsrc/xil_isp_lite_v1_0/src"
make -C ps7_cortexa9_0/libsrc/xil_isp_lite_v1_0/src -s include  "SHELL=CMD" "COMPILER=arm-none-eabi-gcc" "ARCHIVER=arm-none-eabi-ar" "COMPILER_FLAGS=  -O2 -c" "EXTRA_COMPILER_FLAGS=-mcpu=cortex-a9 -mfpu=vfpv3 -mfloat-abi=hard -nostartfiles -g -Wall -Wextra"
"Running Make include in ps7_cortexa9_0/libsrc/xil_vip_v1_0/src"
make -C ps7_cortexa9_0/libsrc/xil_vip_v1_0/src -s include  "SHELL=CMD" "COMPILER=arm-none-eabi-gcc" "ARCHIVER=arm-none-eabi-ar" "COMPILER_FLAGS=  -O2 -c" "EXTRA_COMPILER_FLAGS=-mcpu=cortex-a9 -mfpu=vfpv3 -mfloat-abi=hard -nostartfiles -g -Wall -Wextra"
"Running Make libs in ps7_cortexa9_0/libsrc/axivdma_v6_6/src"
make -C ps7_cortexa9_0/libsrc/axivdma_v6_6/src -s libs  "SHELL=CMD" "COMPILER=arm-none-eabi-gcc" "ARCHIVER=arm-none-eabi-ar" "COMPILER_FLAGS=  -O2 -c" "EXTRA_COMPILER_FLAGS=-mcpu=cortex-a9 -mfpu=vfpv3 -mfloat-abi=hard -nostartfiles -g -Wall -Wextra"
"Compiling axivdma"
"Running Make libs in ps7_cortexa9_0/libsrc/coresightps_dcc_v1_4/src"
make -C ps7_cortexa9_0/libsrc/coresightps_dcc_v1_4/src -s libs  "SHELL=CMD" "COMPILER=arm-none-eabi-gcc" "ARCHIVER=arm-none-eabi-ar" "COMPILER_FLAGS=  -O2 -c" "EXTRA_COMPILER_FLAGS=-mcpu=cortex-a9 -mfpu=vfpv3 -mfloat-abi=hard -nostartfiles -g -Wall -Wextra"
"Compiling coresightps_dcc"
"Running Make libs in ps7_cortexa9_0/libsrc/cpu_cortexa9_v2_7/src"
make -C ps7_cortexa9_0/libsrc/cpu_cortexa9_v2_7/src -s libs  "SHELL=CMD" "COMPILER=arm-none-eabi-gcc" "ARCHIVER=arm-none-eabi-ar" "COMPILER_FLAGS=  -O2 -c" "EXTRA_COMPILER_FLAGS=-mcpu=cortex-a9 -mfpu=vfpv3 -mfloat-abi=hard -nostartfiles -g -Wall -Wextra"
"Compiling cpu_cortexa9"
"Running Make libs in ps7_cortexa9_0/libsrc/ddrps_v1_0/src"
make -C ps7_cortexa9_0/libsrc/ddrps_v1_0/src -s libs  "SHELL=CMD" "COMPILER=arm-none-eabi-gcc" "ARCHIVER=arm-none-eabi-ar" "COMPILER_FLAGS=  -O2 -c" "EXTRA_COMPILER_FLAGS=-mcpu=cortex-a9 -mfpu=vfpv3 -mfloat-abi=hard -nostartfiles -g -Wall -Wextra"
"Compiling ddrps"
"Running Make libs in ps7_cortexa9_0/libsrc/devcfg_v3_5/src"
make -C ps7_cortexa9_0/libsrc/devcfg_v3_5/src -s libs  "SHELL=CMD" "COMPILER=arm-none-eabi-gcc" "ARCHIVER=arm-none-eabi-ar" "COMPILER_FLAGS=  -O2 -c" "EXTRA_COMPILER_FLAGS=-mcpu=cortex-a9 -mfpu=vfpv3 -mfloat-abi=hard -nostartfiles -g -Wall -Wextra"
"Compiling devcfg"
"Running Make libs in ps7_cortexa9_0/libsrc/dmaps_v2_4/src"
make -C ps7_cortexa9_0/libsrc/dmaps_v2_4/src -s libs  "SHELL=CMD" "COMPILER=arm-none-eabi-gcc" "ARCHIVER=arm-none-eabi-ar" "COMPILER_FLAGS=  -O2 -c" "EXTRA_COMPILER_FLAGS=-mcpu=cortex-a9 -mfpu=vfpv3 -mfloat-abi=hard -nostartfiles -g -Wall -Wextra"
"Compiling dmaps"
"Running Make libs in ps7_cortexa9_0/libsrc/gpiops_v3_4/src"
make -C ps7_cortexa9_0/libsrc/gpiops_v3_4/src -s libs  "SHELL=CMD" "COMPILER=arm-none-eabi-gcc" "ARCHIVER=arm-none-eabi-ar" "COMPILER_FLAGS=  -O2 -c" "EXTRA_COMPILER_FLAGS=-mcpu=cortex-a9 -mfpu=vfpv3 -mfloat-abi=hard -nostartfiles -g -Wall -Wextra"
"Compiling gpiops"
"Running Make libs in ps7_cortexa9_0/libsrc/iic_v3_5/src"
make -C ps7_cortexa9_0/libsrc/iic_v3_5/src -s libs  "SHELL=CMD" "COMPILER=arm-none-eabi-gcc" "ARCHIVER=arm-none-eabi-ar" "COMPILER_FLAGS=  -O2 -c" "EXTRA_COMPILER_FLAGS=-mcpu=cortex-a9 -mfpu=vfpv3 -mfloat-abi=hard -nostartfiles -g -Wall -Wextra"
"Compiling iic"
"Running Make libs in ps7_cortexa9_0/libsrc/intc_v3_8/src"
make -C ps7_cortexa9_0/libsrc/intc_v3_8/src -s libs  "SHELL=CMD" "COMPILER=arm-none-eabi-gcc" "ARCHIVER=arm-none-eabi-ar" "COMPILER_FLAGS=  -O2 -c" "EXTRA_COMPILER_FLAGS=-mcpu=cortex-a9 -mfpu=vfpv3 -mfloat-abi=hard -nostartfiles -g -Wall -Wextra"
"Compiling intc"
"Running Make libs in ps7_cortexa9_0/libsrc/scugic_v3_10/src"
make -C ps7_cortexa9_0/libsrc/scugic_v3_10/src -s libs  "SHELL=CMD" "COMPILER=arm-none-eabi-gcc" "ARCHIVER=arm-none-eabi-ar" "COMPILER_FLAGS=  -O2 -c" "EXTRA_COMPILER_FLAGS=-mcpu=cortex-a9 -mfpu=vfpv3 -mfloat-abi=hard -nostartfiles -g -Wall -Wextra"
"Compiling scugic"
"Running Make libs in ps7_cortexa9_0/libsrc/scutimer_v2_1/src"
make -C ps7_cortexa9_0/libsrc/scutimer_v2_1/src -s libs  "SHELL=CMD" "COMPILER=arm-none-eabi-gcc" "ARCHIVER=arm-none-eabi-ar" "COMPILER_FLAGS=  -O2 -c" "EXTRA_COMPILER_FLAGS=-mcpu=cortex-a9 -mfpu=vfpv3 -mfloat-abi=hard -nostartfiles -g -Wall -Wextra"
"Compiling scutimer"
"Running Make libs in ps7_cortexa9_0/libsrc/scuwdt_v2_1/src"
make -C ps7_cortexa9_0/libsrc/scuwdt_v2_1/src -s libs  "SHELL=CMD" "COMPILER=arm-none-eabi-gcc" "ARCHIVER=arm-none-eabi-ar" "COMPILER_FLAGS=  -O2 -c" "EXTRA_COMPILER_FLAGS=-mcpu=cortex-a9 -mfpu=vfpv3 -mfloat-abi=hard -nostartfiles -g -Wall -Wextra"
"Compiling scuwdt"
"Running Make libs in ps7_cortexa9_0/libsrc/sdps_v3_6/src"
make -C ps7_cortexa9_0/libsrc/sdps_v3_6/src -s libs  "SHELL=CMD" "COMPILER=arm-none-eabi-gcc" "ARCHIVER=arm-none-eabi-ar" "COMPILER_FLAGS=  -O2 -c" "EXTRA_COMPILER_FLAGS=-mcpu=cortex-a9 -mfpu=vfpv3 -mfloat-abi=hard -nostartfiles -g -Wall -Wextra"
"Compiling sdps"
"Running Make libs in ps7_cortexa9_0/libsrc/standalone_v6_8/src"
make -C ps7_cortexa9_0/libsrc/standalone_v6_8/src -s libs  "SHELL=CMD" "COMPILER=arm-none-eabi-gcc" "ARCHIVER=arm-none-eabi-ar" "COMPILER_FLAGS=  -O2 -c" "EXTRA_COMPILER_FLAGS=-mcpu=cortex-a9 -mfpu=vfpv3 -mfloat-abi=hard -nostartfiles -g -Wall -Wextra"
"Compiling standalone"
In file included from usleep.c:56:0:
xtime_l.h:87:9: note: #pragma message: For the sleep routines, Global timer is being used
 #pragma message ("For the sleep routines, Global timer is being used")
         ^~~~~~~
In file included from xil_sleeptimer.c:51:0:
xtime_l.h:87:9: note: #pragma message: For the sleep routines, Global timer is being used
 #pragma message ("For the sleep routines, Global timer is being used")
         ^~~~~~~
In file included from xtime_l.c:49:0:
xtime_l.h:87:9: note: #pragma message: For the sleep routines, Global timer is being used
 #pragma message ("For the sleep routines, Global timer is being used")
         ^~~~~~~
In file included from sleep.c:53:0:
xtime_l.h:87:9: note: #pragma message: For the sleep routines, Global timer is being used
 #pragma message ("For the sleep routines, Global timer is being used")
         ^~~~~~~
"Running Make libs in ps7_cortexa9_0/libsrc/uartps_v3_7/src"
make -C ps7_cortexa9_0/libsrc/uartps_v3_7/src -s libs  "SHELL=CMD" "COMPILER=arm-none-eabi-gcc" "ARCHIVER=arm-none-eabi-ar" "COMPILER_FLAGS=  -O2 -c" "EXTRA_COMPILER_FLAGS=-mcpu=cortex-a9 -mfpu=vfpv3 -mfloat-abi=hard -nostartfiles -g -Wall -Wextra"
"Compiling uartps"
"Running Make libs in ps7_cortexa9_0/libsrc/xadcps_v2_3/src"
make -C ps7_cortexa9_0/libsrc/xadcps_v2_3/src -s libs  "SHELL=CMD" "COMPILER=arm-none-eabi-gcc" "ARCHIVER=arm-none-eabi-ar" "COMPILER_FLAGS=  -O2 -c" "EXTRA_COMPILER_FLAGS=-mcpu=cortex-a9 -mfpu=vfpv3 -mfloat-abi=hard -nostartfiles -g -Wall -Wextra"
"Compiling xadcps"
"Running Make libs in ps7_cortexa9_0/libsrc/xil_camif_v1_0/src"
make -C ps7_cortexa9_0/libsrc/xil_camif_v1_0/src -s libs  "SHELL=CMD" "COMPILER=arm-none-eabi-gcc" "ARCHIVER=arm-none-eabi-ar" "COMPILER_FLAGS=  -O2 -c" "EXTRA_COMPILER_FLAGS=-mcpu=cortex-a9 -mfpu=vfpv3 -mfloat-abi=hard -nostartfiles -g -Wall -Wextra"
"Compiling xil_camif..."
xil_camif_selftest.c: In function 'XIL_CAMIF_Reg_SelfTest':
xil_camif_selftest.c:52:58: warning: comparison between signed and unsigned integer expressions [-Wsign-compare]
    if ( XIL_CAMIF_mReadReg (baseaddr, read_loop_index*4) != (read_loop_index+1)*READ_WRITE_MUL_FACTOR){
                                                          ^~
xil_camif_selftest.c:36:6: warning: unused variable 'Index' [-Wunused-variable]
  int Index;
      ^~~~~
"Running Make libs in ps7_cortexa9_0/libsrc/xil_isp_lite_v1_0/src"
make -C ps7_cortexa9_0/libsrc/xil_isp_lite_v1_0/src -s libs  "SHELL=CMD" "COMPILER=arm-none-eabi-gcc" "ARCHIVER=arm-none-eabi-ar" "COMPILER_FLAGS=  -O2 -c" "EXTRA_COMPILER_FLAGS=-mcpu=cortex-a9 -mfpu=vfpv3 -mfloat-abi=hard -nostartfiles -g -Wall -Wextra"
"Compiling xil_isp_lite..."
xil_isp_lite.c: In function 'isp_ae_handler':
xil_isp_lite.c:80:3: warning: implicit declaration of function 'printf' [-Wimplicit-function-declaration]
   printf("ALG_AEC: Exposure:%u Gain:0x%04X ISP_DGain:0x%02X (pixcnt:%llu sum_luma:%llu, avg_luma:%llu, target_luma:%u)\n",
   ^~~~~~
xil_isp_lite.c:80:3: warning: incompatible implicit declaration of built-in function 'printf'
xil_isp_lite.c:80:3: note: include '<stdio.h>' or provide a declaration of 'printf'
xil_isp_lite.c: In function 'isp_awb_handler':
xil_isp_lite.c:136:3: warning: incompatible implicit declaration of built-in function 'printf'
   printf("ALG_AWB RGain:0x%02X BGain:0x%02X (pixcnt:%llu sum_rgb:%llu,%llu,%llu, avg_rgb:%llu,%llu,%llu)\n",
   ^~~~~~
xil_isp_lite.c:136:3: note: include '<stdio.h>' or provide a declaration of 'printf'
xil_isp_lite_selftest.c: In function 'XIL_ISP_LITE_Reg_SelfTest':
xil_isp_lite_selftest.c:52:61: warning: comparison between signed and unsigned integer expressions [-Wsign-compare]
    if ( XIL_ISP_LITE_mReadReg (baseaddr, read_loop_index*4) != (read_loop_index+1)*READ_WRITE_MUL_FACTOR){
                                                             ^~
xil_isp_lite_selftest.c:36:6: warning: unused variable 'Index' [-Wunused-variable]
  int Index;
      ^~~~~
"Running Make libs in ps7_cortexa9_0/libsrc/xil_vip_v1_0/src"
make -C ps7_cortexa9_0/libsrc/xil_vip_v1_0/src -s libs  "SHELL=CMD" "COMPILER=arm-none-eabi-gcc" "ARCHIVER=arm-none-eabi-ar" "COMPILER_FLAGS=  -O2 -c" "EXTRA_COMPILER_FLAGS=-mcpu=cortex-a9 -mfpu=vfpv3 -mfloat-abi=hard -nostartfiles -g -Wall -Wextra"
"Compiling xil_vip..."
xil_vip_selftest.c: In function 'XIL_VIP_Reg_SelfTest':
xil_vip_selftest.c:52:56: warning: comparison between signed and unsigned integer expressions [-Wsign-compare]
    if ( XIL_VIP_mReadReg (baseaddr, read_loop_index*4) != (read_loop_index+1)*READ_WRITE_MUL_FACTOR){
                                                        ^~
xil_vip_selftest.c:36:6: warning: unused variable 'Index' [-Wunused-variable]
  int Index;
      ^~~~~
'Finished building libraries'
08:10:35 **** Build of configuration Debug for project zynq_camera_vdma_lcd ****
make pre-build main-build 
a9-linaro-pre-build-step
' '
'Building file: ../src/main.c'
'Invoking: ARM v7 gcc compiler'
arm-none-eabi-gcc -Wall -O0 -g3 -c -fmessage-length=0 -MT"src/main.o" -mcpu=cortex-a9 -mfpu=vfpv3 -mfloat-abi=hard -I../../zynq_camera_vdma_lcd_bsp/ps7_cortexa9_0/include -MMD -MP -MF"src/main.d" -MT"src/main.o" -o "src/main.o" "../src/main.c"
In file included from ../src/main.c:7:0:
../../zynq_camera_vdma_lcd_bsp/ps7_cortexa9_0/include/xtime_l.h:87:9: note: #pragma message: For the sleep routines, Global timer is being used
 #pragma message ("For the sleep routines, Global timer is being used")
         ^~~~~~~
../src/main.c: In function '_set_exposure1':
../src/main.c:430:2: warning: implicit declaration of function 'cmos_set_exposure2'; did you mean 'cmos_set_exposure'? [-Wimplicit-function-declaration]
  cmos_set_exposure2(exposure);
  ^~~~~~~~~~~~~~~~~~
  cmos_set_exposure
../src/main.c: In function '_set_gain1':
../src/main.c:434:2: warning: implicit declaration of function 'cmos_set_gain2'; did you mean 'cmos_set_gain'? [-Wimplicit-function-declaration]
  cmos_set_gain2(gain);
  ^~~~~~~~~~~~~~
  cmos_set_gain
../src/main.c: In function 'main':
../src/main.c:464:11: warning: implicit declaration of function 'ov5640_init2'; did you mean 'ov5640_init'? [-Wimplicit-function-declaration]
  status = ov5640_init2(cmos_h_pixel, cmos_v_pixel, &total_v_std1); //初始化ov5640
           ^~~~~~~~~~~~
           ov5640_init
../src/main.c: In function 'vip_init_osd':
../src/main.c:654:44: warning: format '%X' expects argument of type 'unsigned int', but argument 6 has type 'u32 {aka long unsigned int}' [-Wformat=]
  printf("osd rect:%lu,%lu,%lu,%lu fg/bg:%08X,%08X\n",
                                         ~~~^
                                         %08lX
../src/main.c:654:49: warning: format '%X' expects argument of type 'unsigned int', but argument 7 has type 'u32 {aka long unsigned int}' [-Wformat=]
  printf("osd rect:%lu,%lu,%lu,%lu fg/bg:%08X,%08X\n",
                                              ~~~^
                                              %08lX
'Finished building: ../src/main.c'
' '
'Building file: ../src/main_h264.c'
'Invoking: ARM v7 gcc compiler'
arm-none-eabi-gcc -Wall -O0 -g3 -c -fmessage-length=0 -MT"src/main_h264.o" -mcpu=cortex-a9 -mfpu=vfpv3 -mfloat-abi=hard -I../../zynq_camera_vdma_lcd_bsp/ps7_cortexa9_0/include -MMD -MP -MF"src/main_h264.d" -MT"src/main_h264.o" -o "src/main_h264.o" "../src/main_h264.c"
'Finished building: ../src/main_h264.c'
' '
'Building file: ../src/ov5640_init.c'
'Invoking: ARM v7 gcc compiler'
arm-none-eabi-gcc -Wall -O0 -g3 -c -fmessage-length=0 -MT"src/ov5640_init.o" -mcpu=cortex-a9 -mfpu=vfpv3 -mfloat-abi=hard -I../../zynq_camera_vdma_lcd_bsp/ps7_cortexa9_0/include -MMD -MP -MF"src/ov5640_init.d" -MT"src/ov5640_init.o" -o "src/ov5640_init.o" "../src/ov5640_init.c"
../src/ov5640_init.c: In function 'iic_init':
../src/ov5640_init.c:37:43: error: 'XPAR_AXI_IIC_DEVICE_ID' undeclared (first use in this function); did you mean 'XPAR_AXI_IIC_1_DEVICE_ID'?
  XIic_Config *cfg_ptr = XIic_LookupConfig(XPAR_AXI_IIC_DEVICE_ID);
                                           ^~~~~~~~~~~~~~~~~~~~~~
                                           XPAR_AXI_IIC_1_DEVICE_ID
../src/ov5640_init.c:37:43: note: each undeclared identifier is reported only once for each function it appears in
make: *** [src/subdir.mk:38: src/ov5640_init.o] Error 1
08:11:21 **** Auto Build of configuration Debug for project zynq_camera_vdma_lcd ****
make pre-build main-build 
a9-linaro-pre-build-step
' '
'Building file: ../src/ov5640_init.c'
'Invoking: ARM v7 gcc compiler'
arm-none-eabi-gcc -Wall -O0 -g3 -c -fmessage-length=0 -MT"src/ov5640_init.o" -mcpu=cortex-a9 -mfpu=vfpv3 -mfloat-abi=hard -I../../zynq_camera_vdma_lcd_bsp/ps7_cortexa9_0/include -MMD -MP -MF"src/ov5640_init.d" -MT"src/ov5640_init.o" -o "src/ov5640_init.o" "../src/ov5640_init.c"
'Finished building: ../src/ov5640_init.c'
' '
'Building file: ../src/ov5640_init2.c'
'Invoking: ARM v7 gcc compiler'
arm-none-eabi-gcc -Wall -O0 -g3 -c -fmessage-length=0 -MT"src/ov5640_init2.o" -mcpu=cortex-a9 -mfpu=vfpv3 -mfloat-abi=hard -I../../zynq_camera_vdma_lcd_bsp/ps7_cortexa9_0/include -MMD -MP -MF"src/ov5640_init2.d" -MT"src/ov5640_init2.o" -o "src/ov5640_init2.o" "../src/ov5640_init2.c"
'Finished building: ../src/ov5640_init2.c'
' '
'Building file: ../src/sys_intr.c'
'Invoking: ARM v7 gcc compiler'
arm-none-eabi-gcc -Wall -O0 -g3 -c -fmessage-length=0 -MT"src/sys_intr.o" -mcpu=cortex-a9 -mfpu=vfpv3 -mfloat-abi=hard -I../../zynq_camera_vdma_lcd_bsp/ps7_cortexa9_0/include -MMD -MP -MF"src/sys_intr.d" -MT"src/sys_intr.o" -o "src/sys_intr.o" "../src/sys_intr.c"
'Finished building: ../src/sys_intr.c'
' '
'Building file: ../src/vdma_api.c'
'Invoking: ARM v7 gcc compiler'
arm-none-eabi-gcc -Wall -O0 -g3 -c -fmessage-length=0 -MT"src/vdma_api.o" -mcpu=cortex-a9 -mfpu=vfpv3 -mfloat-abi=hard -I../../zynq_camera_vdma_lcd_bsp/ps7_cortexa9_0/include -MMD -MP -MF"src/vdma_api.d" -MT"src/vdma_api.o" -o "src/vdma_api.o" "../src/vdma_api.c"
'Finished building: ../src/vdma_api.c'
' '
'Building target: zynq_camera_vdma_lcd.elf'
'Invoking: ARM v7 gcc linker'
arm-none-eabi-gcc -mcpu=cortex-a9 -mfpu=vfpv3 -mfloat-abi=hard -Wl,-build-id=none -specs=Xilinx.spec -Wl,-T -Wl,../src/lscript.ld -L../../zynq_camera_vdma_lcd_bsp/ps7_cortexa9_0/lib -o "zynq_camera_vdma_lcd.elf"  ./src/main.o ./src/main_h264.o ./src/ov5640_init.o ./src/ov5640_init2.o ./src/sys_intr.o ./src/vdma_api.o   -Wl,--start-group,-lxil,-lgcc,-lc,--end-group
'Finished building target: zynq_camera_vdma_lcd.elf'
' '
'Invoking: ARM v7 Print Size'
arm-none-eabi-size zynq_camera_vdma_lcd.elf  |tee "zynq_camera_vdma_lcd.elf.size"
   text	   data	    bss	    dec	    hex	filename
 129728	   3840	  24544	 158112	  269a0	zynq_camera_vdma_lcd.elf
'Finished building: zynq_camera_vdma_lcd.elf.size'
' '
08:12:10 **** Incremental Build of configuration Debug for project zynq_camera_vdma_lcd ****
make pre-build main-build 
a9-linaro-pre-build-step
' '
make: Nothing to be done for 'main-build'.
20:41:03 **** Auto Build of configuration Debug for project zynq_camera_vdma_lcd ****
make pre-build main-build 
a9-linaro-pre-build-step
' '
'Building file: ../src/main.c'
'Invoking: ARM v7 gcc compiler'
arm-none-eabi-gcc -Wall -O0 -g3 -c -fmessage-length=0 -MT"src/main.o" -mcpu=cortex-a9 -mfpu=vfpv3 -mfloat-abi=hard -I../../zynq_camera_vdma_lcd_bsp/ps7_cortexa9_0/include -MMD -MP -MF"src/main.d" -MT"src/main.o" -o "src/main.o" "../src/main.c"
In file included from ../src/main.c:7:0:
../../zynq_camera_vdma_lcd_bsp/ps7_cortexa9_0/include/xtime_l.h:87:9: note: #pragma message: For the sleep routines, Global timer is being used
 #pragma message ("For the sleep routines, Global timer is being used")
         ^~~~~~~
../src/main.c: In function '_set_exposure1':
../src/main.c:430:2: warning: implicit declaration of function 'cmos_set_exposure2'; did you mean 'cmos_set_exposure'? [-Wimplicit-function-declaration]
  cmos_set_exposure2(exposure);
  ^~~~~~~~~~~~~~~~~~
  cmos_set_exposure
../src/main.c: In function '_set_gain1':
../src/main.c:434:2: warning: implicit declaration of function 'cmos_set_gain2'; did you mean 'cmos_set_gain'? [-Wimplicit-function-declaration]
  cmos_set_gain2(gain);
  ^~~~~~~~~~~~~~
  cmos_set_gain
../src/main.c: In function 'main':
../src/main.c:464:11: warning: implicit declaration of function 'ov5640_init2'; did you mean 'ov5640_init'? [-Wimplicit-function-declaration]
  status = ov5640_init2(cmos_h_pixel, cmos_v_pixel, &total_v_std1); //初始化ov5640
           ^~~~~~~~~~~~
           ov5640_init
../src/main.c: In function 'vip_init_osd':
../src/main.c:654:44: warning: format '%X' expects argument of type 'unsigned int', but argument 6 has type 'u32 {aka long unsigned int}' [-Wformat=]
  printf("osd rect:%lu,%lu,%lu,%lu fg/bg:%08X,%08X\n",
                                         ~~~^
                                         %08lX
../src/main.c:654:49: warning: format '%X' expects argument of type 'unsigned int', but argument 7 has type 'u32 {aka long unsigned int}' [-Wformat=]
  printf("osd rect:%lu,%lu,%lu,%lu fg/bg:%08X,%08X\n",
                                              ~~~^
                                              %08lX
'Finished building: ../src/main.c'
' '
'Building target: zynq_camera_vdma_lcd.elf'
'Invoking: ARM v7 gcc linker'
arm-none-eabi-gcc -mcpu=cortex-a9 -mfpu=vfpv3 -mfloat-abi=hard -Wl,-build-id=none -specs=Xilinx.spec -Wl,-T -Wl,../src/lscript.ld -L../../zynq_camera_vdma_lcd_bsp/ps7_cortexa9_0/lib -o "zynq_camera_vdma_lcd.elf"  ./src/main.o ./src/main_h264.o ./src/ov5640_init.o ./src/ov5640_init2.o ./src/sys_intr.o ./src/vdma_api.o   -Wl,--start-group,-lxil,-lgcc,-lc,--end-group
'Finished building target: zynq_camera_vdma_lcd.elf'
' '
'Invoking: ARM v7 Print Size'
arm-none-eabi-size zynq_camera_vdma_lcd.elf  |tee "zynq_camera_vdma_lcd.elf.size"
   text	   data	    bss	    dec	    hex	filename
 129728	   3840	  24544	 158112	  269a0	zynq_camera_vdma_lcd.elf
'Finished building: zynq_camera_vdma_lcd.elf.size'
' '
20:41:08 **** Incremental Build of configuration Debug for project zynq_camera_vdma_lcd ****
make pre-build main-build 
a9-linaro-pre-build-step
' '
make: Nothing to be done for 'main-build'.
