21:30:25 **** Build of configuration Debug for project zynq_camera_vdma_lcd_bsp_xiic_eeprom_example_1 ****
make pre-build main-build 
a9-linaro-pre-build-step
' '
'Building file: ../src/xiic_eeprom_example.c'
'Invoking: ARM v7 gcc compiler'
arm-none-eabi-gcc -Wall -O0 -g3 -c -fmessage-length=0 -MT"src/xiic_eeprom_example.o" -mcpu=cortex-a9 -mfpu=vfpv3 -mfloat-abi=hard -I../../zynq_camera_vdma_lcd_bsp/ps7_cortexa9_0/include -MMD -MP -MF"src/xiic_eeprom_example.d" -MT"src/xiic_eeprom_example.o" -o "src/xiic_eeprom_example.o" "../src/xiic_eeprom_example.c"
'Finished building: ../src/xiic_eeprom_example.c'
' '
'Building target: zynq_camera_vdma_lcd_bsp_xiic_eeprom_example_1.elf'
'Invoking: ARM v7 gcc linker'
arm-none-eabi-gcc -mcpu=cortex-a9 -mfpu=vfpv3 -mfloat-abi=hard -Wl,-build-id=none -specs=Xilinx.spec -Wl,-T -Wl,../src/lscript.ld -L../../zynq_camera_vdma_lcd_bsp/ps7_cortexa9_0/lib -o "zynq_camera_vdma_lcd_bsp_xiic_eeprom_example_1.elf"  ./src/xiic_eeprom_example.o   -Wl,--start-group,-lxil,-lgcc,-lc,--end-group -Wl,--start-group,-lxilffs,-lxil,-lgcc,-lc,--end-group
'Finished building target: zynq_camera_vdma_lcd_bsp_xiic_eeprom_example_1.elf'
' '
'Invoking: ARM v7 Print Size'
arm-none-eabi-size zynq_camera_vdma_lcd_bsp_xiic_eeprom_example_1.elf  |tee "zynq_camera_vdma_lcd_bsp_xiic_eeprom_example_1.elf.size"
   text	   data	    bss	    dec	    hex	filename
  33896	   1320	  22872	  58088	   e2e8	zynq_camera_vdma_lcd_bsp_xiic_eeprom_example_1.elf
'Finished building: zynq_camera_vdma_lcd_bsp_xiic_eeprom_example_1.elf.size'
' '

21:30:26 Build Finished (took 643ms)

