Copyright 1986-2018 Xilinx, Inc. All Rights Reserved.
----------------------------------------------------------------------------------------------------------------------------------------------------------------------
| Tool Version     : Vivado v.2018.3 (win64) Build 2405991 Thu Dec  6 23:38:27 MST 2018
| Date             : Tue Jun  7 08:08:11 2022
| Host             : LEGION-BIANXINQUAN running 64-bit major release  (build 9200)
| Command          : report_power -file design_1_wrapper_power_routed.rpt -pb design_1_wrapper_power_summary_routed.pb -rpx design_1_wrapper_power_routed.rpx
| Design           : design_1_wrapper
| Device           : xc7z020clg400-2
| Design State     : routed
| Grade            : commercial
| Process          : typical
| Characterization : Production
----------------------------------------------------------------------------------------------------------------------------------------------------------------------

Power Report

Table of Contents
-----------------
1. Summary
1.1 On-Chip Components
1.2 Power Supply Summary
1.3 Confidence Level
2. Settings
2.1 Environment
2.2 Clock Constraints
3. Detailed Reports
3.1 By Hierarchy

1. Summary
----------

+--------------------------+--------------+
| Total On-Chip Power (W)  | 2.613        |
| Design Power Budget (W)  | Unspecified* |
| Power Budget Margin (W)  | NA           |
| Dynamic (W)              | 2.424        |
| Device Static (W)        | 0.189        |
| Effective TJA (C/W)      | 11.5         |
| Max Ambient (C)          | 54.9         |
| Junction Temperature (C) | 55.1         |
| Confidence Level         | Low          |
| Setting File             | ---          |
| Simulation Activity File | ---          |
| Design Nets Matched      | NA           |
+--------------------------+--------------+
* Specify Design Power Budget using, set_operating_conditions -design_power_budget <value in Watts>


1.1 On-Chip Components
----------------------

+--------------------------+-----------+----------+-----------+-----------------+
| On-Chip                  | Power (W) | Used     | Available | Utilization (%) |
+--------------------------+-----------+----------+-----------+-----------------+
| Clocks                   |     0.212 |       15 |       --- |             --- |
| Slice Logic              |     0.079 |    96690 |       --- |             --- |
|   LUT as Logic           |     0.066 |    38093 |     53200 |           71.60 |
|   CARRY4                 |     0.008 |     4919 |     13300 |           36.98 |
|   Register               |     0.003 |    35506 |    106400 |           33.37 |
|   LUT as Distributed RAM |    <0.001 |      660 |     17400 |            3.79 |
|   LUT as Shift Register  |    <0.001 |      589 |     17400 |            3.39 |
|   F7/F8 Muxes            |    <0.001 |      206 |     53200 |            0.39 |
|   Others                 |     0.000 |     1773 |       --- |             --- |
| Signals                  |     0.108 |    64196 |       --- |             --- |
| Block RAM                |     0.060 |      110 |       140 |           78.57 |
| MMCM                     |     0.267 |        2 |         4 |           50.00 |
| DSPs                     |     0.010 |      104 |       220 |           47.27 |
| I/O                      |     0.153 |       74 |       125 |           59.20 |
| PS7                      |     1.536 |        1 |       --- |             --- |
| Static Power             |     0.189 |          |           |                 |
| Total                    |     2.613 |          |           |                 |
+--------------------------+-----------+----------+-----------+-----------------+


1.2 Power Supply Summary
------------------------

+-----------+-------------+-----------+-------------+------------+
| Source    | Voltage (V) | Total (A) | Dynamic (A) | Static (A) |
+-----------+-------------+-----------+-------------+------------+
| Vccint    |       1.000 |     0.496 |       0.467 |      0.029 |
| Vccaux    |       1.800 |     0.167 |       0.148 |      0.019 |
| Vcco33    |       3.300 |     0.046 |       0.045 |      0.001 |
| Vcco25    |       2.500 |     0.000 |       0.000 |      0.000 |
| Vcco18    |       1.800 |     0.000 |       0.000 |      0.000 |
| Vcco15    |       1.500 |     0.000 |       0.000 |      0.000 |
| Vcco135   |       1.350 |     0.000 |       0.000 |      0.000 |
| Vcco12    |       1.200 |     0.000 |       0.000 |      0.000 |
| Vccaux_io |       1.800 |     0.000 |       0.000 |      0.000 |
| Vccbram   |       1.000 |     0.016 |       0.004 |      0.012 |
| MGTAVcc   |       1.000 |     0.000 |       0.000 |      0.000 |
| MGTAVtt   |       1.200 |     0.000 |       0.000 |      0.000 |
| MGTVccaux |       1.800 |     0.000 |       0.000 |      0.000 |
| Vccpint   |       1.000 |     0.772 |       0.729 |      0.043 |
| Vccpaux   |       1.800 |     0.061 |       0.050 |      0.010 |
| Vccpll    |       1.800 |     0.019 |       0.016 |      0.003 |
| Vcco_ddr  |       1.500 |     0.459 |       0.457 |      0.002 |
| Vcco_mio0 |       3.300 |     0.001 |       0.000 |      0.001 |
| Vcco_mio1 |       1.800 |     0.002 |       0.001 |      0.001 |
| Vccadc    |       1.800 |     0.020 |       0.000 |      0.020 |
+-----------+-------------+-----------+-------------+------------+


1.3 Confidence Level
--------------------

+-----------------------------+------------+--------------------------------------------------------+------------------------------------------------------------------------------------------------------------+
| User Input Data             | Confidence | Details                                                | Action                                                                                                     |
+-----------------------------+------------+--------------------------------------------------------+------------------------------------------------------------------------------------------------------------+
| Design implementation state | High       | Design is routed                                       |                                                                                                            |
| Clock nodes activity        | High       | User specified more than 95% of clocks                 |                                                                                                            |
| I/O nodes activity          | Low        | More than 75% of inputs are missing user specification | Provide missing input activity with simulation results or by editing the "By Resource Type -> I/Os" view   |
| Internal nodes activity     | Medium     | User specified less than 25% of internal nodes         | Provide missing internal nodes activity with simulation results or by editing the "By Resource Type" views |
| Device models               | High       | Device models are Production                           |                                                                                                            |
|                             |            |                                                        |                                                                                                            |
| Overall confidence level    | Low        |                                                        |                                                                                                            |
+-----------------------------+------------+--------------------------------------------------------+------------------------------------------------------------------------------------------------------------+


2. Settings
-----------

2.1 Environment
---------------

+-----------------------+------------------------+
| Ambient Temp (C)      | 25.0                   |
| ThetaJA (C/W)         | 11.5                   |
| Airflow (LFM)         | 250                    |
| Heat Sink             | none                   |
| ThetaSA (C/W)         | 0.0                    |
| Board Selection       | medium (10"x10")       |
| # of Board Layers     | 8to11 (8 to 11 Layers) |
| Board Temperature (C) | 25.0                   |
+-----------------------+------------------------+


2.2 Clock Constraints
---------------------

+-----------------------------------+-------------------------------------------------------------+-----------------+
| Clock                             | Domain                                                      | Constraint (ns) |
+-----------------------------------+-------------------------------------------------------------+-----------------+
| cam0_pclk                         | cam0_pclk                                                   |            10.4 |
| cam1_pclk                         | cam1_pclk                                                   |            10.4 |
| cam_xclk_design_1_clk_wiz_0_0     | design_1_i/clk_wiz_0/inst/cam_xclk_design_1_clk_wiz_0_0     |            41.7 |
| camif_xclk_design_1_clk_wiz_0_0   | design_1_i/clk_wiz_0/inst/camif_xclk_design_1_clk_wiz_0_0   |            10.4 |
| clk_fpga_0                        | design_1_i/processing_system7_0/inst/FCLK_CLK0              |             8.3 |
| clk_fpga_0                        | design_1_i/processing_system7_0/inst/FCLK_CLK_unbuffered[0] |             8.3 |
| clk_fpga_1                        | design_1_i/processing_system7_0/inst/FCLK_CLK_unbuffered[1] |            20.0 |
| clkfbout_design_1_clk_wiz_0_0     | design_1_i/clk_wiz_0/inst/clkfbout_design_1_clk_wiz_0_0     |             8.3 |
| clkfbout_design_1_clk_wiz_1_0_1   | design_1_i/clk_wiz_1/inst/clkfbout_design_1_clk_wiz_1_0     |            33.3 |
| dvi_clk_design_1_clk_wiz_1_0_1    | design_1_i/clk_wiz_1/inst/dvi_clk_design_1_clk_wiz_1_0      |            13.5 |
| dvi_clk_x5_design_1_clk_wiz_1_0_1 | design_1_i/clk_wiz_1/inst/dvi_clk_x5_design_1_clk_wiz_1_0   |             2.7 |
| lcd_clk_design_1_clk_wiz_0_0      | design_1_i/clk_wiz_0/inst/lcd_clk_design_1_clk_wiz_0_0      |            30.0 |
+-----------------------------------+-------------------------------------------------------------+-----------------+


3. Detailed Reports
-------------------

3.1 By Hierarchy
----------------

+--------------------------+-----------+
| Name                     | Power (W) |
+--------------------------+-----------+
| design_1_wrapper         |     2.424 |
|   GPIO_EMIO_tri_iobuf_0  |     0.003 |
|   GPIO_EMIO_tri_iobuf_1  |     0.003 |
|   GPIO_EMIO_tri_iobuf_2  |     0.003 |
|   GPIO_EMIO_tri_iobuf_3  |     0.003 |
|   GPIO_EMIO_tri_iobuf_4  |     0.003 |
|   design_1_i             |     2.403 |
|     DVI_Transmitter_0    |     0.136 |
|       inst               |     0.136 |
|     axi_iic_0            |     0.001 |
|       U0                 |     0.001 |
|     axi_iic_1            |     0.001 |
|       U0                 |     0.001 |
|     axi_smc              |     0.033 |
|       inst               |     0.033 |
|     axi_vdma_0           |     0.025 |
|       U0                 |     0.025 |
|     axi_vdma_1           |     0.026 |
|       U0                 |     0.026 |
|     clk_wiz_0            |     0.137 |
|       inst               |     0.137 |
|     clk_wiz_1            |     0.131 |
|       inst               |     0.131 |
|     processing_system7_0 |     1.539 |
|       inst               |     1.539 |
|     ps7_0_axi_periph     |     0.003 |
|       s00_couplers       |     0.002 |
|     v_axi4s_vid_out_0    |     0.002 |
|       inst               |     0.002 |
|     v_axi4s_vid_out_1    |     0.004 |
|       inst               |     0.004 |
|     v_vid_in_axi4s_0     |     0.003 |
|       inst               |     0.003 |
|     v_vid_in_axi4s_1     |     0.004 |
|       inst               |     0.004 |
|     xil_camif_0          |     0.003 |
|       inst               |     0.003 |
|     xil_camif_1          |     0.002 |
|       inst               |     0.002 |
|     xil_isp_lite_0       |     0.170 |
|       inst               |     0.169 |
|     xil_isp_lite_1       |     0.160 |
|       inst               |     0.160 |
|     xil_vip_0            |     0.011 |
|       inst               |     0.010 |
|     xil_vip_1            |     0.010 |
|       inst               |     0.010 |
+--------------------------+-----------+


