Copyright 1986-2021 Xilinx, Inc. All Rights Reserved.
------------------------------------------------------------------------------------------
| Tool Version : Vivado v.2021.1 (win64) Build 3247384 Thu Jun 10 19:36:33 MDT 2021
| Date         : Thu Sep 29 00:06:41 2022
| Host         : LEGION-BIANXINQUAN running 64-bit major release  (build 9200)
| Command      : report_clock_utilization -file base_wrapper_clock_utilization_routed.rpt
| Design       : base_wrapper
| Device       : 7z020-clg400
| Speed File   : -2  PRODUCTION 1.12 2019-11-22
| Design State : Routed
------------------------------------------------------------------------------------------

Clock Utilization Report

Table of Contents
-----------------
1. Clock Primitive Utilization
2. Global Clock Resources
3. Global Clock Source Details
4. Clock Regions: Key Resource Utilization
5. Clock Regions : Global Clock Summary
6. Device Cell Placement Summary for Global Clock g0
7. Device Cell Placement Summary for Global Clock g1
8. Device Cell Placement Summary for Global Clock g2
9. Device Cell Placement Summary for Global Clock g3
10. Device Cell Placement Summary for Global Clock g4
11. Device Cell Placement Summary for Global Clock g5
12. Device Cell Placement Summary for Global Clock g6
13. Device Cell Placement Summary for Global Clock g7
14. Device Cell Placement Summary for Global Clock g8
15. Device Cell Placement Summary for Global Clock g9
16. Device Cell Placement Summary for Global Clock g10
17. Device Cell Placement Summary for Global Clock g11
18. Clock Region Cell Placement per Global Clock: Region X0Y0
19. Clock Region Cell Placement per Global Clock: Region X1Y0
20. Clock Region Cell Placement per Global Clock: Region X0Y1
21. Clock Region Cell Placement per Global Clock: Region X1Y1
22. Clock Region Cell Placement per Global Clock: Region X0Y2
23. Clock Region Cell Placement per Global Clock: Region X1Y2

1. Clock Primitive Utilization
------------------------------

+----------+------+-----------+-----+--------------+--------+
| Type     | Used | Available | LOC | Clock Region | Pblock |
+----------+------+-----------+-----+--------------+--------+
| BUFGCTRL |   12 |        32 |   0 |            0 |      0 |
| BUFH     |    0 |        72 |   0 |            0 |      0 |
| BUFIO    |    0 |        16 |   0 |            0 |      0 |
| BUFMR    |    0 |         8 |   0 |            0 |      0 |
| BUFR     |    0 |        16 |   0 |            0 |      0 |
| MMCM     |    2 |         4 |   0 |            0 |      0 |
| PLL      |    0 |         4 |   0 |            0 |      0 |
+----------+------+-----------+-----+--------------+--------+


2. Global Clock Resources
-------------------------

+-----------+-----------+-----------------+------------+----------------+--------------+-------------------+-------------+-----------------+--------------+-------------------------------+--------------------------------------------------------------------------------------+-------------------------------------------------------------------------------+
| Global Id | Source Id | Driver Type/Pin | Constraint | Site           | Clock Region | Load Clock Region | Clock Loads | Non-Clock Loads | Clock Period | Clock                         | Driver Pin                                                                           | Net                                                                           |
+-----------+-----------+-----------------+------------+----------------+--------------+-------------------+-------------+-----------------+--------------+-------------------------------+--------------------------------------------------------------------------------------+-------------------------------------------------------------------------------+
| g0        | src0      | BUFG/O          | None       | BUFGCTRL_X0Y16 | n/a          |                 6 |       18030 |               0 |        8.333 | clk_fpga_0                    | base_i/processing_system7_0/inst/buffer_fclk_clk_0.FCLK_CLK_0_BUFG/O                 | base_i/processing_system7_0/inst/FCLK_CLK0                                    |
| g1        | src1      | BUFG/O          | None       | BUFGCTRL_X0Y4  | n/a          |                 6 |       14980 |              10 |        8.333 | isp_pclk_base_clk_wiz_0_0     | base_i/clk_wiz_0/inst/clkout2_buf/O                                                  | base_i/clk_wiz_0/inst/isp_pclk                                                |
| g2        | src2      | BUFG/O          | None       | BUFGCTRL_X0Y17 | n/a          |                 6 |        3473 |               8 |       20.000 | clk_fpga_1                    | base_i/processing_system7_0/inst/buffer_fclk_clk_1.FCLK_CLK_1_BUFG/O                 | base_i/processing_system7_0/inst/FCLK_CLK1                                    |
| g3        | src3      | BUFG/O          | None       | BUFGCTRL_X0Y5  | n/a          |                 1 |         447 |               0 |        8.333 | isp_pclk_base_clk_wiz_0_0     | base_i/xil_vip_1/inst/xil_vip_v1_0_S00_AXI_inst/vip_top_i0/dscale_i0/CLK_BUFG_inst/O | base_i/xil_vip_1/inst/xil_vip_v1_0_S00_AXI_inst/vip_top_i0/dscale_i0/CLK_BUFG |
| g4        | src4      | BUFG/O          | None       | BUFGCTRL_X0Y6  | n/a          |                 1 |         443 |               0 |        8.333 | isp_pclk_base_clk_wiz_0_0     | base_i/xil_vip_0/inst/xil_vip_v1_0_S00_AXI_inst/vip_top_i0/dscale_i0/CLK_BUFG_inst/O | base_i/xil_vip_0/inst/xil_vip_v1_0_S00_AXI_inst/vip_top_i0/dscale_i0/CLK_BUFG |
| g5        | src5      | BUFG/O          | None       | BUFGCTRL_X0Y0  | n/a          |                 1 |         208 |               0 |       13.467 | dvi_clk_base_clk_wiz_1_0_1    | base_i/clk_wiz_1/inst/clkout1_buf/O                                                  | base_i/clk_wiz_1/inst/dvi_clk                                                 |
| g6        | src6      | BUFG/O          | None       | BUFGCTRL_X0Y1  | n/a          |                 2 |          66 |               1 |       29.999 | lcd_clk_base_clk_wiz_0_0      | base_i/clk_wiz_0/inst/clkout3_buf/O                                                  | base_i/clk_wiz_0/inst/lcd_clk                                                 |
| g7        | src7      | BUFG/O          | None       | BUFGCTRL_X0Y7  | n/a          |                 2 |          26 |               1 |       10.416 | camif_xclk_base_clk_wiz_0_0   | base_i/clk_wiz_0/inst/clkout1_buf/O                                                  | base_i/clk_wiz_0/inst/camif_xclk                                              |
| g8        | src8      | BUFG/O          | None       | BUFGCTRL_X0Y2  | n/a          |                 1 |           8 |               0 |        2.693 | dvi_clk_x5_base_clk_wiz_1_0_1 | base_i/clk_wiz_1/inst/clkout2_buf/O                                                  | base_i/clk_wiz_1/inst/dvi_clk_x5                                              |
| g9        | src9      | BUFG/O          | None       | BUFGCTRL_X0Y8  | n/a          |                 1 |           1 |               0 |        8.333 | clkfbout_base_clk_wiz_0_0     | base_i/clk_wiz_0/inst/clkf_buf/O                                                     | base_i/clk_wiz_0/inst/clkfbout_buf_base_clk_wiz_0_0                           |
| g10       | src10     | BUFG/O          | None       | BUFGCTRL_X0Y9  | n/a          |                 1 |           1 |               0 |       33.332 | clkfbout_base_clk_wiz_1_0_1   | base_i/clk_wiz_1/inst/clkf_buf/O                                                     | base_i/clk_wiz_1/inst/clkfbout_buf_base_clk_wiz_1_0                           |
| g11       | src11     | BUFG/O          | None       | BUFGCTRL_X0Y3  | n/a          |                 1 |           0 |               1 |       41.665 | cam_xclk_base_clk_wiz_0_0     | base_i/clk_wiz_0/inst/clkout4_buf/O                                                  | base_i/clk_wiz_0/inst/cam_xclk                                                |
+-----------+-----------+-----------------+------------+----------------+--------------+-------------------+-------------+-----------------+--------------+-------------------------------+--------------------------------------------------------------------------------------+-------------------------------------------------------------------------------+
* Clock Loads column represents the clock pin loads (pin count)
** Non-Clock Loads column represents the non-clock pin loads (pin count)


3. Global Clock Source Details
------------------------------

+-----------+-----------+---------------------+------------+-----------------+--------------+-------------+-----------------+---------------------+-------------------------------+----------------------------------------------------------------------------------------+--------------------------------------------------------------------------+
| Source Id | Global Id | Driver Type/Pin     | Constraint | Site            | Clock Region | Clock Loads | Non-Clock Loads | Source Clock Period | Source Clock                  | Driver Pin                                                                             | Net                                                                      |
+-----------+-----------+---------------------+------------+-----------------+--------------+-------------+-----------------+---------------------+-------------------------------+----------------------------------------------------------------------------------------+--------------------------------------------------------------------------+
| src0      | g0        | PS7/FCLKCLK[0]      | PS7_X0Y0   | PS7_X0Y0        | X0Y2         |           1 |               0 |               8.333 | clk_fpga_0                    | base_i/processing_system7_0/inst/PS7_i/FCLKCLK[0]                                      | base_i/processing_system7_0/inst/FCLK_CLK_unbuffered[0]                  |
| src1      | g1        | MMCME2_ADV/CLKOUT1  | None       | MMCME2_ADV_X0Y0 | X0Y0         |           1 |               0 |               8.333 | isp_pclk_base_clk_wiz_0_0     | base_i/clk_wiz_0/inst/mmcm_adv_inst/CLKOUT1                                            | base_i/clk_wiz_0/inst/isp_pclk_base_clk_wiz_0_0                          |
| src2      | g2        | PS7/FCLKCLK[1]      | PS7_X0Y0   | PS7_X0Y0        | X0Y2         |           1 |               0 |              20.000 | clk_fpga_1                    | base_i/processing_system7_0/inst/PS7_i/FCLKCLK[1]                                      | base_i/processing_system7_0/inst/FCLK_CLK_unbuffered[1]                  |
| src3      | g3        | LUT3/O              | None       | SLICE_X50Y45    | X1Y0         |           1 |               0 |               8.333 | isp_pclk_base_clk_wiz_0_0     | base_i/xil_vip_1/inst/xil_vip_v1_0_S00_AXI_inst/vip_top_i0/dscale_i0/out_pclk_INST_0/O | base_i/xil_vip_1/inst/xil_vip_v1_0_S00_AXI_inst/vip_top_i0/dscale_i0/CLK |
| src4      | g4        | LUT3/O              | None       | SLICE_X50Y46    | X1Y0         |           1 |               0 |               8.333 | isp_pclk_base_clk_wiz_0_0     | base_i/xil_vip_0/inst/xil_vip_v1_0_S00_AXI_inst/vip_top_i0/dscale_i0/out_pclk_INST_0/O | base_i/xil_vip_0/inst/xil_vip_v1_0_S00_AXI_inst/vip_top_i0/dscale_i0/CLK |
| src5      | g5        | MMCME2_ADV/CLKOUT0  | None       | MMCME2_ADV_X1Y0 | X1Y0         |           1 |               0 |              13.467 | dvi_clk_base_clk_wiz_1_0_1    | base_i/clk_wiz_1/inst/mmcm_adv_inst/CLKOUT0                                            | base_i/clk_wiz_1/inst/dvi_clk_base_clk_wiz_1_0                           |
| src6      | g6        | MMCME2_ADV/CLKOUT2  | None       | MMCME2_ADV_X0Y0 | X0Y0         |           1 |               0 |              29.999 | lcd_clk_base_clk_wiz_0_0      | base_i/clk_wiz_0/inst/mmcm_adv_inst/CLKOUT2                                            | base_i/clk_wiz_0/inst/lcd_clk_base_clk_wiz_0_0                           |
| src7      | g7        | MMCME2_ADV/CLKOUT0  | None       | MMCME2_ADV_X0Y0 | X0Y0         |           1 |               0 |              10.416 | camif_xclk_base_clk_wiz_0_0   | base_i/clk_wiz_0/inst/mmcm_adv_inst/CLKOUT0                                            | base_i/clk_wiz_0/inst/camif_xclk_base_clk_wiz_0_0                        |
| src8      | g8        | MMCME2_ADV/CLKOUT1  | None       | MMCME2_ADV_X1Y0 | X1Y0         |           1 |               0 |               2.693 | dvi_clk_x5_base_clk_wiz_1_0_1 | base_i/clk_wiz_1/inst/mmcm_adv_inst/CLKOUT1                                            | base_i/clk_wiz_1/inst/dvi_clk_x5_base_clk_wiz_1_0                        |
| src9      | g9        | MMCME2_ADV/CLKFBOUT | None       | MMCME2_ADV_X0Y0 | X0Y0         |           1 |               0 |               8.333 | clkfbout_base_clk_wiz_0_0     | base_i/clk_wiz_0/inst/mmcm_adv_inst/CLKFBOUT                                           | base_i/clk_wiz_0/inst/clkfbout_base_clk_wiz_0_0                          |
| src10     | g10       | MMCME2_ADV/CLKFBOUT | None       | MMCME2_ADV_X1Y0 | X1Y0         |           1 |               0 |              33.332 | clkfbout_base_clk_wiz_1_0_1   | base_i/clk_wiz_1/inst/mmcm_adv_inst/CLKFBOUT                                           | base_i/clk_wiz_1/inst/clkfbout_base_clk_wiz_1_0                          |
| src11     | g11       | MMCME2_ADV/CLKOUT3  | None       | MMCME2_ADV_X0Y0 | X0Y0         |           1 |               0 |              41.665 | cam_xclk_base_clk_wiz_0_0     | base_i/clk_wiz_0/inst/mmcm_adv_inst/CLKOUT3                                            | base_i/clk_wiz_0/inst/cam_xclk_base_clk_wiz_0_0                          |
+-----------+-----------+---------------------+------------+-----------------+--------------+-------------+-----------------+---------------------+-------------------------------+----------------------------------------------------------------------------------------+--------------------------------------------------------------------------+
* Clock Loads column represents the clock pin loads (pin count)
** Non-Clock Loads column represents the non-clock pin loads (pin count)


4. Clock Regions: Key Resource Utilization
------------------------------------------

+-------------------+--------------+--------------+--------------+--------------+--------------+--------------+--------------+--------------+--------------+--------------+---------------+--------------+--------------+--------------+--------------+
|                   | Global Clock |     BUFRs    |    BUFMRs    |    BUFIOs    |     MMCM     |      PLL     |      GT      |      PCI     |    ILOGIC    |    OLOGIC    |       FF      |     LUTM     |    RAMB18    |    RAMB36    |    DSP48E2   |
+-------------------+------+-------+------+-------+------+-------+------+-------+------+-------+------+-------+------+-------+------+-------+------+-------+------+-------+-------+-------+------+-------+------+-------+------+-------+------+-------+
| Clock Region Name | Used | Avail | Used | Avail | Used | Avail | Used | Avail | Used | Avail | Used | Avail | Used | Avail | Used | Avail | Used | Avail | Used | Avail | Used  | Avail | Used | Avail | Used | Avail | Used | Avail | Used | Avail |
+-------------------+------+-------+------+-------+------+-------+------+-------+------+-------+------+-------+------+-------+------+-------+------+-------+------+-------+-------+-------+------+-------+------+-------+------+-------+------+-------+
| X0Y0              |    4 |    12 |    0 |     4 |    0 |     2 |    0 |     4 |    1 |     1 |    0 |     1 |    0 |     0 |    0 |     0 |    0 |    50 |    0 |    50 |  9067 |  2500 | 4432 |  1000 |    1 |    60 |   16 |    30 |    1 |    60 |
| X1Y0              |    7 |    12 |    0 |     4 |    0 |     2 |    0 |     4 |    1 |     1 |    0 |     1 |    0 |     0 |    0 |     0 |    0 |    50 |    0 |    50 | 10620 |  3200 | 3061 |   850 |    5 |    60 |   17 |    30 |    7 |    40 |
| X0Y1              |    4 |    12 |    0 |     0 |    0 |     0 |    0 |     0 |    0 |     0 |    0 |     0 |    0 |     0 |    0 |     0 |    0 |     0 |    0 |     0 |  3445 |  1200 | 1336 |   400 |    0 |    20 |    4 |    10 |    3 |    20 |
| X1Y1              |    6 |    12 |    0 |     4 |    0 |     2 |    0 |     4 |    0 |     1 |    0 |     1 |    0 |     0 |    0 |     0 |    0 |    50 |    0 |    50 |  6725 |  2600 | 2448 |   850 |    0 |    60 |   22 |    30 |    0 |    40 |
| X0Y2              |    3 |    12 |    0 |     0 |    0 |     0 |    0 |     0 |    0 |     0 |    0 |     0 |    0 |     0 |    0 |     0 |    0 |     0 |    0 |     0 |  1562 |  1200 |  584 |   400 |    0 |    20 |    2 |    10 |   18 |    20 |
| X1Y2              |    5 |    12 |    0 |     4 |    0 |     2 |    0 |     4 |    0 |     1 |    0 |     1 |    0 |     0 |    0 |     0 |    0 |    50 |    8 |    50 |  4678 |  2600 | 1578 |   850 |    0 |    60 |    5 |    30 |   28 |    40 |
+-------------------+------+-------+------+-------+------+-------+------+-------+------+-------+------+-------+------+-------+------+-------+------+-------+------+-------+-------+-------+------+-------+------+-------+------+-------+------+-------+
* Global Clock column represents track count; while other columns represents cell counts


5. Clock Regions : Global Clock Summary
---------------------------------------

All Modules
+----+----+----+
|    | X0 | X1 |
+----+----+----+
| Y2 |  3 |  5 |
| Y1 |  4 |  6 |
| Y0 |  4 |  7 |
+----+----+----+


6. Device Cell Placement Summary for Global Clock g0
----------------------------------------------------

+-----------+-----------------+-------------------+------------+-------------+---------------+-------------+----------+----------------+----------+--------------------------------------------+
| Global Id | Driver Type/Pin | Driver Region (D) | Clock      | Period (ns) | Waveform (ns) | Slice Loads | IO Loads | Clocking Loads | GT Loads | Net                                        |
+-----------+-----------------+-------------------+------------+-------------+---------------+-------------+----------+----------------+----------+--------------------------------------------+
| g0        | BUFG/O          | n/a               | clk_fpga_0 |       8.333 | {0.000 4.167} |       17774 |        0 |              2 |        0 | base_i/processing_system7_0/inst/FCLK_CLK0 |
+-----------+-----------------+-------------------+------------+-------------+---------------+-------------+----------+----------------+----------+--------------------------------------------+
* Slice Loads column represents load cell count of all cell types other than IO, GT and clock resources
** IO Loads column represents load cell count of IO types
*** Clocking Loads column represents load cell count that are clock resources (global clock buffer, MMCM, PLL, etc)
**** GT Loads column represents load cell count of GT types


+----+-------+-------+-----------------------+
|    | X0    | X1    | HORIZONTAL PROG DELAY |
+----+-------+-------+-----------------------+
| Y2 |     1 |    38 |                     0 |
| Y1 |  2074 |  1656 |                     0 |
| Y0 |  9546 |  4461 |                     0 |
+----+-------+-------+-----------------------+


7. Device Cell Placement Summary for Global Clock g1
----------------------------------------------------

+-----------+-----------------+-------------------+---------------------------+-------------+---------------+-------------+----------+----------------+----------+--------------------------------+
| Global Id | Driver Type/Pin | Driver Region (D) | Clock                     | Period (ns) | Waveform (ns) | Slice Loads | IO Loads | Clocking Loads | GT Loads | Net                            |
+-----------+-----------------+-------------------+---------------------------+-------------+---------------+-------------+----------+----------------+----------+--------------------------------+
| g1        | BUFG/O          | n/a               | isp_pclk_base_clk_wiz_0_0 |       8.333 | {0.000 4.167} |       14984 |        0 |              0 |        0 | base_i/clk_wiz_0/inst/isp_pclk |
+-----------+-----------------+-------------------+---------------------------+-------------+---------------+-------------+----------+----------------+----------+--------------------------------+
* Slice Loads column represents load cell count of all cell types other than IO, GT and clock resources
** IO Loads column represents load cell count of IO types
*** Clocking Loads column represents load cell count that are clock resources (global clock buffer, MMCM, PLL, etc)
**** GT Loads column represents load cell count of GT types


+----+-------+-------+-----------------------+
|    | X0    | X1    | HORIZONTAL PROG DELAY |
+----+-------+-------+-----------------------+
| Y2 |  1290 |  4144 |                     0 |
| Y1 |   844 |  4332 |                     0 |
| Y0 |    12 |  4362 |                     0 |
+----+-------+-------+-----------------------+


8. Device Cell Placement Summary for Global Clock g2
----------------------------------------------------

+-----------+-----------------+-------------------+------------+-------------+----------------+-------------+----------+----------------+----------+--------------------------------------------+
| Global Id | Driver Type/Pin | Driver Region (D) | Clock      | Period (ns) | Waveform (ns)  | Slice Loads | IO Loads | Clocking Loads | GT Loads | Net                                        |
+-----------+-----------------+-------------------+------------+-------------+----------------+-------------+----------+----------------+----------+--------------------------------------------+
| g2        | BUFG/O          | n/a               | clk_fpga_1 |      20.000 | {0.000 10.000} |        3481 |        0 |              0 |        0 | base_i/processing_system7_0/inst/FCLK_CLK1 |
+-----------+-----------------+-------------------+------------+-------------+----------------+-------------+----------+----------------+----------+--------------------------------------------+
* Slice Loads column represents load cell count of all cell types other than IO, GT and clock resources
** IO Loads column represents load cell count of IO types
*** Clocking Loads column represents load cell count that are clock resources (global clock buffer, MMCM, PLL, etc)
**** GT Loads column represents load cell count of GT types


+----+------+-------+-----------------------+
|    | X0   | X1    | HORIZONTAL PROG DELAY |
+----+------+-------+-----------------------+
| Y2 |  319 |   334 |                     0 |
| Y1 |  585 |   962 |                     0 |
| Y0 |   90 |  1191 |                     0 |
+----+------+-------+-----------------------+


9. Device Cell Placement Summary for Global Clock g3
----------------------------------------------------

+-----------+-----------------+-------------------+---------------------------+-------------+---------------+-------------+----------+----------------+----------+-------------------------------------------------------------------------------+
| Global Id | Driver Type/Pin | Driver Region (D) | Clock                     | Period (ns) | Waveform (ns) | Slice Loads | IO Loads | Clocking Loads | GT Loads | Net                                                                           |
+-----------+-----------------+-------------------+---------------------------+-------------+---------------+-------------+----------+----------------+----------+-------------------------------------------------------------------------------+
| g3        | BUFG/O          | n/a               | isp_pclk_base_clk_wiz_0_0 |       8.333 | {0.000 4.167} |         447 |        0 |              0 |        0 | base_i/xil_vip_1/inst/xil_vip_v1_0_S00_AXI_inst/vip_top_i0/dscale_i0/CLK_BUFG |
+-----------+-----------------+-------------------+---------------------------+-------------+---------------+-------------+----------+----------------+----------+-------------------------------------------------------------------------------+
* Slice Loads column represents load cell count of all cell types other than IO, GT and clock resources
** IO Loads column represents load cell count of IO types
*** Clocking Loads column represents load cell count that are clock resources (global clock buffer, MMCM, PLL, etc)
**** GT Loads column represents load cell count of GT types


+----+----+------+-----------------------+
|    | X0 | X1   | HORIZONTAL PROG DELAY |
+----+----+------+-----------------------+
| Y2 |  0 |    0 |                     0 |
| Y1 |  0 |    0 |                     0 |
| Y0 |  0 |  447 |                     0 |
+----+----+------+-----------------------+


10. Device Cell Placement Summary for Global Clock g4
-----------------------------------------------------

+-----------+-----------------+-------------------+---------------------------+-------------+---------------+-------------+----------+----------------+----------+-------------------------------------------------------------------------------+
| Global Id | Driver Type/Pin | Driver Region (D) | Clock                     | Period (ns) | Waveform (ns) | Slice Loads | IO Loads | Clocking Loads | GT Loads | Net                                                                           |
+-----------+-----------------+-------------------+---------------------------+-------------+---------------+-------------+----------+----------------+----------+-------------------------------------------------------------------------------+
| g4        | BUFG/O          | n/a               | isp_pclk_base_clk_wiz_0_0 |       8.333 | {0.000 4.167} |         443 |        0 |              0 |        0 | base_i/xil_vip_0/inst/xil_vip_v1_0_S00_AXI_inst/vip_top_i0/dscale_i0/CLK_BUFG |
+-----------+-----------------+-------------------+---------------------------+-------------+---------------+-------------+----------+----------------+----------+-------------------------------------------------------------------------------+
* Slice Loads column represents load cell count of all cell types other than IO, GT and clock resources
** IO Loads column represents load cell count of IO types
*** Clocking Loads column represents load cell count that are clock resources (global clock buffer, MMCM, PLL, etc)
**** GT Loads column represents load cell count of GT types


+----+----+------+-----------------------+
|    | X0 | X1   | HORIZONTAL PROG DELAY |
+----+----+------+-----------------------+
| Y2 |  0 |    0 |                     0 |
| Y1 |  0 |    0 |                     0 |
| Y0 |  0 |  443 |                     0 |
+----+----+------+-----------------------+


11. Device Cell Placement Summary for Global Clock g5
-----------------------------------------------------

+-----------+-----------------+-------------------+----------------------------+-------------+---------------+-------------+----------+----------------+----------+-------------------------------+
| Global Id | Driver Type/Pin | Driver Region (D) | Clock                      | Period (ns) | Waveform (ns) | Slice Loads | IO Loads | Clocking Loads | GT Loads | Net                           |
+-----------+-----------------+-------------------+----------------------------+-------------+---------------+-------------+----------+----------------+----------+-------------------------------+
| g5        | BUFG/O          | n/a               | dvi_clk_base_clk_wiz_1_0_1 |      13.467 | {0.000 6.734} |         200 |        8 |              0 |        0 | base_i/clk_wiz_1/inst/dvi_clk |
+-----------+-----------------+-------------------+----------------------------+-------------+---------------+-------------+----------+----------------+----------+-------------------------------+
* Slice Loads column represents load cell count of all cell types other than IO, GT and clock resources
** IO Loads column represents load cell count of IO types
*** Clocking Loads column represents load cell count that are clock resources (global clock buffer, MMCM, PLL, etc)
**** GT Loads column represents load cell count of GT types


+----+----+------+-----------------------+
|    | X0 | X1   | HORIZONTAL PROG DELAY |
+----+----+------+-----------------------+
| Y2 |  0 |  208 |                     0 |
| Y1 |  0 |    0 |                     0 |
| Y0 |  0 |    0 |                     0 |
+----+----+------+-----------------------+


12. Device Cell Placement Summary for Global Clock g6
-----------------------------------------------------

+-----------+-----------------+-------------------+--------------------------+-------------+----------------+-------------+----------+----------------+----------+-------------------------------+
| Global Id | Driver Type/Pin | Driver Region (D) | Clock                    | Period (ns) | Waveform (ns)  | Slice Loads | IO Loads | Clocking Loads | GT Loads | Net                           |
+-----------+-----------------+-------------------+--------------------------+-------------+----------------+-------------+----------+----------------+----------+-------------------------------+
| g6        | BUFG/O          | n/a               | lcd_clk_base_clk_wiz_0_0 |      29.999 | {0.000 14.999} |          66 |        1 |              0 |        0 | base_i/clk_wiz_0/inst/lcd_clk |
+-----------+-----------------+-------------------+--------------------------+-------------+----------------+-------------+----------+----------------+----------+-------------------------------+
* Slice Loads column represents load cell count of all cell types other than IO, GT and clock resources
** IO Loads column represents load cell count of IO types
*** Clocking Loads column represents load cell count that are clock resources (global clock buffer, MMCM, PLL, etc)
**** GT Loads column represents load cell count of GT types


+----+-----+-----+-----------------------+
|    | X0  | X1  | HORIZONTAL PROG DELAY |
+----+-----+-----+-----------------------+
| Y2 |   0 |   0 |                     0 |
| Y1 |  50 |  17 |                     0 |
| Y0 |   0 |   0 |                     0 |
+----+-----+-----+-----------------------+


13. Device Cell Placement Summary for Global Clock g7
-----------------------------------------------------

+-----------+-----------------+-------------------+-----------------------------+-------------+---------------+-------------+----------+----------------+----------+----------------------------------+
| Global Id | Driver Type/Pin | Driver Region (D) | Clock                       | Period (ns) | Waveform (ns) | Slice Loads | IO Loads | Clocking Loads | GT Loads | Net                              |
+-----------+-----------------+-------------------+-----------------------------+-------------+---------------+-------------+----------+----------------+----------+----------------------------------+
| g7        | BUFG/O          | n/a               | camif_xclk_base_clk_wiz_0_0 |      10.416 | {0.000 5.208} |          27 |        0 |              0 |        0 | base_i/clk_wiz_0/inst/camif_xclk |
+-----------+-----------------+-------------------+-----------------------------+-------------+---------------+-------------+----------+----------------+----------+----------------------------------+
* Slice Loads column represents load cell count of all cell types other than IO, GT and clock resources
** IO Loads column represents load cell count of IO types
*** Clocking Loads column represents load cell count that are clock resources (global clock buffer, MMCM, PLL, etc)
**** GT Loads column represents load cell count of GT types


+----+----+-----+-----------------------+
|    | X0 | X1  | HORIZONTAL PROG DELAY |
+----+----+-----+-----------------------+
| Y2 |  0 |   0 |                     0 |
| Y1 |  0 |   1 |                     0 |
| Y0 |  0 |  26 |                     0 |
+----+----+-----+-----------------------+


14. Device Cell Placement Summary for Global Clock g8
-----------------------------------------------------

+-----------+-----------------+-------------------+-------------------------------+-------------+---------------+-------------+----------+----------------+----------+----------------------------------+
| Global Id | Driver Type/Pin | Driver Region (D) | Clock                         | Period (ns) | Waveform (ns) | Slice Loads | IO Loads | Clocking Loads | GT Loads | Net                              |
+-----------+-----------------+-------------------+-------------------------------+-------------+---------------+-------------+----------+----------------+----------+----------------------------------+
| g8        | BUFG/O          | n/a               | dvi_clk_x5_base_clk_wiz_1_0_1 |       2.693 | {0.000 1.347} |           0 |        8 |              0 |        0 | base_i/clk_wiz_1/inst/dvi_clk_x5 |
+-----------+-----------------+-------------------+-------------------------------+-------------+---------------+-------------+----------+----------------+----------+----------------------------------+
* Slice Loads column represents load cell count of all cell types other than IO, GT and clock resources
** IO Loads column represents load cell count of IO types
*** Clocking Loads column represents load cell count that are clock resources (global clock buffer, MMCM, PLL, etc)
**** GT Loads column represents load cell count of GT types


+----+----+----+-----------------------+
|    | X0 | X1 | HORIZONTAL PROG DELAY |
+----+----+----+-----------------------+
| Y2 |  0 |  8 |                     0 |
| Y1 |  0 |  0 |                     0 |
| Y0 |  0 |  0 |                     0 |
+----+----+----+-----------------------+


15. Device Cell Placement Summary for Global Clock g9
-----------------------------------------------------

+-----------+-----------------+-------------------+---------------------------+-------------+---------------+-------------+----------+----------------+----------+-----------------------------------------------------+
| Global Id | Driver Type/Pin | Driver Region (D) | Clock                     | Period (ns) | Waveform (ns) | Slice Loads | IO Loads | Clocking Loads | GT Loads | Net                                                 |
+-----------+-----------------+-------------------+---------------------------+-------------+---------------+-------------+----------+----------------+----------+-----------------------------------------------------+
| g9        | BUFG/O          | n/a               | clkfbout_base_clk_wiz_0_0 |       8.333 | {0.000 4.167} |           0 |        0 |              1 |        0 | base_i/clk_wiz_0/inst/clkfbout_buf_base_clk_wiz_0_0 |
+-----------+-----------------+-------------------+---------------------------+-------------+---------------+-------------+----------+----------------+----------+-----------------------------------------------------+
* Slice Loads column represents load cell count of all cell types other than IO, GT and clock resources
** IO Loads column represents load cell count of IO types
*** Clocking Loads column represents load cell count that are clock resources (global clock buffer, MMCM, PLL, etc)
**** GT Loads column represents load cell count of GT types


+----+----+----+-----------------------+
|    | X0 | X1 | HORIZONTAL PROG DELAY |
+----+----+----+-----------------------+
| Y2 |  0 |  0 |                     0 |
| Y1 |  0 |  0 |                     0 |
| Y0 |  1 |  0 |                     0 |
+----+----+----+-----------------------+


16. Device Cell Placement Summary for Global Clock g10
------------------------------------------------------

+-----------+-----------------+-------------------+-----------------------------+-------------+----------------+-------------+----------+----------------+----------+-----------------------------------------------------+
| Global Id | Driver Type/Pin | Driver Region (D) | Clock                       | Period (ns) | Waveform (ns)  | Slice Loads | IO Loads | Clocking Loads | GT Loads | Net                                                 |
+-----------+-----------------+-------------------+-----------------------------+-------------+----------------+-------------+----------+----------------+----------+-----------------------------------------------------+
| g10       | BUFG/O          | n/a               | clkfbout_base_clk_wiz_1_0_1 |      33.332 | {0.000 16.666} |           0 |        0 |              1 |        0 | base_i/clk_wiz_1/inst/clkfbout_buf_base_clk_wiz_1_0 |
+-----------+-----------------+-------------------+-----------------------------+-------------+----------------+-------------+----------+----------------+----------+-----------------------------------------------------+
* Slice Loads column represents load cell count of all cell types other than IO, GT and clock resources
** IO Loads column represents load cell count of IO types
*** Clocking Loads column represents load cell count that are clock resources (global clock buffer, MMCM, PLL, etc)
**** GT Loads column represents load cell count of GT types


+----+----+----+-----------------------+
|    | X0 | X1 | HORIZONTAL PROG DELAY |
+----+----+----+-----------------------+
| Y2 |  0 |  0 |                     0 |
| Y1 |  0 |  0 |                     0 |
| Y0 |  0 |  1 |                     0 |
+----+----+----+-----------------------+


17. Device Cell Placement Summary for Global Clock g11
------------------------------------------------------

+-----------+-----------------+-------------------+---------------------------+-------------+----------------+-------------+----------+----------------+----------+--------------------------------+
| Global Id | Driver Type/Pin | Driver Region (D) | Clock                     | Period (ns) | Waveform (ns)  | Slice Loads | IO Loads | Clocking Loads | GT Loads | Net                            |
+-----------+-----------------+-------------------+---------------------------+-------------+----------------+-------------+----------+----------------+----------+--------------------------------+
| g11       | BUFG/O          | n/a               | cam_xclk_base_clk_wiz_0_0 |      41.665 | {0.000 20.833} |           0 |        1 |              0 |        0 | base_i/clk_wiz_0/inst/cam_xclk |
+-----------+-----------------+-------------------+---------------------------+-------------+----------------+-------------+----------+----------------+----------+--------------------------------+
* Slice Loads column represents load cell count of all cell types other than IO, GT and clock resources
** IO Loads column represents load cell count of IO types
*** Clocking Loads column represents load cell count that are clock resources (global clock buffer, MMCM, PLL, etc)
**** GT Loads column represents load cell count of GT types


+----+----+----+-----------------------+
|    | X0 | X1 | HORIZONTAL PROG DELAY |
+----+----+----+-----------------------+
| Y2 |  0 |  0 |                     0 |
| Y1 |  0 |  1 |                     0 |
| Y0 |  0 |  0 |                     0 |
+----+----+----+-----------------------+


18. Clock Region Cell Placement per Global Clock: Region X0Y0
-------------------------------------------------------------

+-----------+-------+-----------------+------------+-------------+-----------------+------+--------+------+-----+----+------+-----+---------+-----------------------------------------------------+
| Global Id | Track | Driver Type/Pin | Constraint | Clock Loads | Non-Clock Loads | FF   | LUTRAM | RAMB | DSP | GT | MMCM | PLL | Hard IP | Net                                                 |
+-----------+-------+-----------------+------------+-------------+-----------------+------+--------+------+-----+----+------+-----+---------+-----------------------------------------------------+
| g0        | n/a   | BUFG/O          | None       |        9546 |               0 | 8966 |    559 |   17 |   0 |  0 |    1 |   0 |       0 | base_i/processing_system7_0/inst/FCLK_CLK0          |
| g1        | n/a   | BUFG/O          | None       |          12 |               0 |   11 |      0 |    0 |   1 |  0 |    0 |   0 |       0 | base_i/clk_wiz_0/inst/isp_pclk                      |
| g2        | n/a   | BUFG/O          | None       |          90 |               0 |   90 |      0 |    0 |   0 |  0 |    0 |   0 |       0 | base_i/processing_system7_0/inst/FCLK_CLK1          |
| g9        | n/a   | BUFG/O          | None       |           1 |               0 |    0 |      0 |    0 |   0 |  0 |    1 |   0 |       0 | base_i/clk_wiz_0/inst/clkfbout_buf_base_clk_wiz_0_0 |
+-----------+-------+-----------------+------------+-------------+-----------------+------+--------+------+-----+----+------+-----+---------+-----------------------------------------------------+
* Clock Loads column represents the clock pin loads (pin count)
** Non-Clock Loads column represents the non-clock pin loads (pin count)
*** Columns FF, LUTRAM, RAMB through 'Hard IP' represents load cell counts


19. Clock Region Cell Placement per Global Clock: Region X1Y0
-------------------------------------------------------------

+-----------+-------+-----------------+------------+-------------+-----------------+------+--------+------+-----+----+------+-----+---------+-------------------------------------------------------------------------------+
| Global Id | Track | Driver Type/Pin | Constraint | Clock Loads | Non-Clock Loads | FF   | LUTRAM | RAMB | DSP | GT | MMCM | PLL | Hard IP | Net                                                                           |
+-----------+-------+-----------------+------------+-------------+-----------------+------+--------+------+-----+----+------+-----+---------+-------------------------------------------------------------------------------+
| g0        | n/a   | BUFG/O          | None       |        4461 |               0 | 4300 |    149 |    7 |   0 |  0 |    1 |   0 |       0 | base_i/processing_system7_0/inst/FCLK_CLK0                                    |
| g1        | n/a   | BUFG/O          | None       |        4360 |               2 | 4268 |     67 |   14 |   7 |  0 |    0 |   0 |       0 | base_i/clk_wiz_0/inst/isp_pclk                                                |
| g2        | n/a   | BUFG/O          | None       |        1191 |               0 | 1189 |      0 |    2 |   0 |  0 |    0 |   0 |       0 | base_i/processing_system7_0/inst/FCLK_CLK1                                    |
| g3        | n/a   | BUFG/O          | None       |         447 |               0 |  420 |     24 |    2 |   0 |  0 |    0 |   0 |       0 | base_i/xil_vip_1/inst/xil_vip_v1_0_S00_AXI_inst/vip_top_i0/dscale_i0/CLK_BUFG |
| g4        | n/a   | BUFG/O          | None       |         443 |               0 |  417 |     24 |    2 |   0 |  0 |    0 |   0 |       0 | base_i/xil_vip_0/inst/xil_vip_v1_0_S00_AXI_inst/vip_top_i0/dscale_i0/CLK_BUFG |
| g7        | n/a   | BUFG/O          | None       |          26 |               0 |   26 |      0 |    0 |   0 |  0 |    0 |   0 |       0 | base_i/clk_wiz_0/inst/camif_xclk                                              |
| g10       | n/a   | BUFG/O          | None       |           1 |               0 |    0 |      0 |    0 |   0 |  0 |    1 |   0 |       0 | base_i/clk_wiz_1/inst/clkfbout_buf_base_clk_wiz_1_0                           |
+-----------+-------+-----------------+------------+-------------+-----------------+------+--------+------+-----+----+------+-----+---------+-------------------------------------------------------------------------------+
* Clock Loads column represents the clock pin loads (pin count)
** Non-Clock Loads column represents the non-clock pin loads (pin count)
*** Columns FF, LUTRAM, RAMB through 'Hard IP' represents load cell counts


20. Clock Region Cell Placement per Global Clock: Region X0Y1
-------------------------------------------------------------

+-----------+-------+-----------------+------------+-------------+-----------------+------+--------+------+-----+----+------+-----+---------+--------------------------------------------+
| Global Id | Track | Driver Type/Pin | Constraint | Clock Loads | Non-Clock Loads | FF   | LUTRAM | RAMB | DSP | GT | MMCM | PLL | Hard IP | Net                                        |
+-----------+-------+-----------------+------------+-------------+-----------------+------+--------+------+-----+----+------+-----+---------+--------------------------------------------+
| g0        | n/a   | BUFG/O          | None       |        2074 |               0 | 2027 |     47 |    0 |   0 |  0 |    0 |   0 |       0 | base_i/processing_system7_0/inst/FCLK_CLK0 |
| g1        | n/a   | BUFG/O          | None       |         841 |               3 |  834 |      0 |    4 |   3 |  0 |    0 |   0 |       0 | base_i/clk_wiz_0/inst/isp_pclk             |
| g2        | n/a   | BUFG/O          | None       |         582 |               3 |  534 |     48 |    0 |   0 |  0 |    0 |   0 |       0 | base_i/processing_system7_0/inst/FCLK_CLK1 |
| g6        | n/a   | BUFG/O          | None       |          50 |               0 |   50 |      0 |    0 |   0 |  0 |    0 |   0 |       0 | base_i/clk_wiz_0/inst/lcd_clk              |
+-----------+-------+-----------------+------------+-------------+-----------------+------+--------+------+-----+----+------+-----+---------+--------------------------------------------+
* Clock Loads column represents the clock pin loads (pin count)
** Non-Clock Loads column represents the non-clock pin loads (pin count)
*** Columns FF, LUTRAM, RAMB through 'Hard IP' represents load cell counts


21. Clock Region Cell Placement per Global Clock: Region X1Y1
-------------------------------------------------------------

+-----------+-------+-----------------+------------+-------------+-----------------+------+--------+------+-----+----+------+-----+---------+--------------------------------------------+
| Global Id | Track | Driver Type/Pin | Constraint | Clock Loads | Non-Clock Loads | FF   | LUTRAM | RAMB | DSP | GT | MMCM | PLL | Hard IP | Net                                        |
+-----------+-------+-----------------+------------+-------------+-----------------+------+--------+------+-----+----+------+-----+---------+--------------------------------------------+
| g0        | n/a   | BUFG/O          | None       |        1656 |               0 | 1506 |    144 |    4 |   0 |  0 |    0 |   0 |       0 | base_i/processing_system7_0/inst/FCLK_CLK0 |
| g1        | n/a   | BUFG/O          | None       |        4332 |               0 | 4267 |     46 |   18 |   0 |  0 |    0 |   0 |       0 | base_i/clk_wiz_0/inst/isp_pclk             |
| g2        | n/a   | BUFG/O          | None       |         962 |               0 |  937 |     24 |    0 |   0 |  0 |    0 |   0 |       0 | base_i/processing_system7_0/inst/FCLK_CLK1 |
| g6        | n/a   | BUFG/O          | None       |          16 |               1 |   15 |      0 |    1 |   0 |  0 |    0 |   0 |       0 | base_i/clk_wiz_0/inst/lcd_clk              |
| g7        | n/a   | BUFG/O          | None       |           0 |               1 |    0 |      0 |    0 |   0 |  0 |    0 |   0 |       0 | base_i/clk_wiz_0/inst/camif_xclk           |
| g11       | n/a   | BUFG/O          | None       |           0 |               1 |    0 |      0 |    0 |   0 |  0 |    0 |   0 |       0 | base_i/clk_wiz_0/inst/cam_xclk             |
+-----------+-------+-----------------+------------+-------------+-----------------+------+--------+------+-----+----+------+-----+---------+--------------------------------------------+
* Clock Loads column represents the clock pin loads (pin count)
** Non-Clock Loads column represents the non-clock pin loads (pin count)
*** Columns FF, LUTRAM, RAMB through 'Hard IP' represents load cell counts


22. Clock Region Cell Placement per Global Clock: Region X0Y2
-------------------------------------------------------------

+-----------+-------+-----------------+------------+-------------+-----------------+------+--------+------+-----+----+------+-----+---------+--------------------------------------------+
| Global Id | Track | Driver Type/Pin | Constraint | Clock Loads | Non-Clock Loads | FF   | LUTRAM | RAMB | DSP | GT | MMCM | PLL | Hard IP | Net                                        |
+-----------+-------+-----------------+------------+-------------+-----------------+------+--------+------+-----+----+------+-----+---------+--------------------------------------------+
| g0        | n/a   | BUFG/O          | None       |           1 |               0 |    0 |      0 |    0 |   0 |  0 |    0 |   0 |       0 | base_i/processing_system7_0/inst/FCLK_CLK0 |
| g1        | n/a   | BUFG/O          | None       |        1286 |               4 | 1266 |      0 |    2 |  18 |  0 |    0 |   0 |       0 | base_i/clk_wiz_0/inst/isp_pclk             |
| g2        | n/a   | BUFG/O          | None       |         315 |               4 |  296 |     18 |    0 |   0 |  0 |    0 |   0 |       0 | base_i/processing_system7_0/inst/FCLK_CLK1 |
+-----------+-------+-----------------+------------+-------------+-----------------+------+--------+------+-----+----+------+-----+---------+--------------------------------------------+
* Clock Loads column represents the clock pin loads (pin count)
** Non-Clock Loads column represents the non-clock pin loads (pin count)
*** Columns FF, LUTRAM, RAMB through 'Hard IP' represents load cell counts


23. Clock Region Cell Placement per Global Clock: Region X1Y2
-------------------------------------------------------------

+-----------+-------+-----------------+------------+-------------+-----------------+------+--------+------+-----+----+------+-----+---------+--------------------------------------------+
| Global Id | Track | Driver Type/Pin | Constraint | Clock Loads | Non-Clock Loads | FF   | LUTRAM | RAMB | DSP | GT | MMCM | PLL | Hard IP | Net                                        |
+-----------+-------+-----------------+------------+-------------+-----------------+------+--------+------+-----+----+------+-----+---------+--------------------------------------------+
| g0        | n/a   | BUFG/O          | None       |          38 |               0 |   36 |      0 |    1 |   0 |  0 |    0 |   0 |       0 | base_i/processing_system7_0/inst/FCLK_CLK0 |
| g1        | n/a   | BUFG/O          | None       |        4143 |               1 | 4111 |      0 |    4 |  28 |  0 |    0 |   0 |       0 | base_i/clk_wiz_0/inst/isp_pclk             |
| g2        | n/a   | BUFG/O          | None       |         333 |               1 |  333 |      0 |    0 |   0 |  0 |    0 |   0 |       0 | base_i/processing_system7_0/inst/FCLK_CLK1 |
| g5        | n/a   | BUFG/O          | None       |         208 |               0 |  198 |      0 |    1 |   0 |  0 |    0 |   0 |       0 | base_i/clk_wiz_1/inst/dvi_clk              |
| g8        | n/a   | BUFG/O          | None       |           8 |               0 |    0 |      0 |    0 |   0 |  0 |    0 |   0 |       0 | base_i/clk_wiz_1/inst/dvi_clk_x5           |
+-----------+-------+-----------------+------------+-------------+-----------------+------+--------+------+-----+----+------+-----+---------+--------------------------------------------+
* Clock Loads column represents the clock pin loads (pin count)
** Non-Clock Loads column represents the non-clock pin loads (pin count)
*** Columns FF, LUTRAM, RAMB through 'Hard IP' represents load cell counts



# Location of BUFG Primitives 
set_property LOC BUFGCTRL_X0Y5 [get_cells base_i/xil_vip_1/inst/xil_vip_v1_0_S00_AXI_inst/vip_top_i0/dscale_i0/CLK_BUFG_inst]
set_property LOC BUFGCTRL_X0Y6 [get_cells base_i/xil_vip_0/inst/xil_vip_v1_0_S00_AXI_inst/vip_top_i0/dscale_i0/CLK_BUFG_inst]
set_property LOC BUFGCTRL_X0Y17 [get_cells base_i/processing_system7_0/inst/buffer_fclk_clk_1.FCLK_CLK_1_BUFG]
set_property LOC BUFGCTRL_X0Y16 [get_cells base_i/processing_system7_0/inst/buffer_fclk_clk_0.FCLK_CLK_0_BUFG]
set_property LOC BUFGCTRL_X0Y2 [get_cells base_i/clk_wiz_1/inst/clkout2_buf]
set_property LOC BUFGCTRL_X0Y0 [get_cells base_i/clk_wiz_1/inst/clkout1_buf]
set_property LOC BUFGCTRL_X0Y9 [get_cells base_i/clk_wiz_1/inst/clkf_buf]
set_property LOC BUFGCTRL_X0Y1 [get_cells base_i/clk_wiz_0/inst/clkout3_buf]
set_property LOC BUFGCTRL_X0Y4 [get_cells base_i/clk_wiz_0/inst/clkout2_buf]
set_property LOC BUFGCTRL_X0Y8 [get_cells base_i/clk_wiz_0/inst/clkf_buf]
set_property LOC BUFGCTRL_X0Y7 [get_cells base_i/clk_wiz_0/inst/clkout1_buf]
set_property LOC BUFGCTRL_X0Y3 [get_cells base_i/clk_wiz_0/inst/clkout4_buf]

# Location of IO Primitives which is load of clock spine
set_property LOC IOB_X1Y82 [get_cells lcd_clk_OBUF_inst]
set_property LOC IOB_X1Y75 [get_cells cam_xclk_OBUF_inst]

# Location of clock ports

# Clock net "base_i/xil_vip_1/inst/xil_vip_v1_0_S00_AXI_inst/vip_top_i0/dscale_i0/CLK_BUFG" driven by instance "base_i/xil_vip_1/inst/xil_vip_v1_0_S00_AXI_inst/vip_top_i0/dscale_i0/CLK_BUFG_inst" located at site "BUFGCTRL_X0Y5"
#startgroup
create_pblock {CLKAG_base_i/xil_vip_1/inst/xil_vip_v1_0_S00_AXI_inst/vip_top_i0/dscale_i0/CLK_BUFG}
add_cells_to_pblock [get_pblocks  {CLKAG_base_i/xil_vip_1/inst/xil_vip_v1_0_S00_AXI_inst/vip_top_i0/dscale_i0/CLK_BUFG}] [get_cells -filter { PRIMITIVE_GROUP != I/O && IS_PRIMITIVE==1 && PRIMITIVE_LEVEL !=INTERNAL } -of_object [get_pins -filter {DIRECTION==IN} -of_objects [get_nets -hierarchical -filter {PARENT=="base_i/xil_vip_1/inst/xil_vip_v1_0_S00_AXI_inst/vip_top_i0/dscale_i0/CLK_BUFG"}]]]
resize_pblock [get_pblocks {CLKAG_base_i/xil_vip_1/inst/xil_vip_v1_0_S00_AXI_inst/vip_top_i0/dscale_i0/CLK_BUFG}] -add {CLOCKREGION_X1Y0:CLOCKREGION_X1Y0}
#endgroup

# Clock net "base_i/xil_vip_0/inst/xil_vip_v1_0_S00_AXI_inst/vip_top_i0/dscale_i0/CLK_BUFG" driven by instance "base_i/xil_vip_0/inst/xil_vip_v1_0_S00_AXI_inst/vip_top_i0/dscale_i0/CLK_BUFG_inst" located at site "BUFGCTRL_X0Y6"
#startgroup
create_pblock {CLKAG_base_i/xil_vip_0/inst/xil_vip_v1_0_S00_AXI_inst/vip_top_i0/dscale_i0/CLK_BUFG}
add_cells_to_pblock [get_pblocks  {CLKAG_base_i/xil_vip_0/inst/xil_vip_v1_0_S00_AXI_inst/vip_top_i0/dscale_i0/CLK_BUFG}] [get_cells -filter { PRIMITIVE_GROUP != I/O && IS_PRIMITIVE==1 && PRIMITIVE_LEVEL !=INTERNAL } -of_object [get_pins -filter {DIRECTION==IN} -of_objects [get_nets -hierarchical -filter {PARENT=="base_i/xil_vip_0/inst/xil_vip_v1_0_S00_AXI_inst/vip_top_i0/dscale_i0/CLK_BUFG"}]]]
resize_pblock [get_pblocks {CLKAG_base_i/xil_vip_0/inst/xil_vip_v1_0_S00_AXI_inst/vip_top_i0/dscale_i0/CLK_BUFG}] -add {CLOCKREGION_X1Y0:CLOCKREGION_X1Y0}
#endgroup

# Clock net "base_i/processing_system7_0/inst/FCLK_CLK1" driven by instance "base_i/processing_system7_0/inst/buffer_fclk_clk_1.FCLK_CLK_1_BUFG" located at site "BUFGCTRL_X0Y17"
#startgroup
create_pblock {CLKAG_base_i/processing_system7_0/inst/FCLK_CLK1}
add_cells_to_pblock [get_pblocks  {CLKAG_base_i/processing_system7_0/inst/FCLK_CLK1}] [get_cells -filter { PRIMITIVE_GROUP != I/O && IS_PRIMITIVE==1 && PRIMITIVE_LEVEL !=INTERNAL } -of_object [get_pins -filter {DIRECTION==IN} -of_objects [get_nets -hierarchical -filter {PARENT=="base_i/processing_system7_0/inst/FCLK_CLK1"}]]]
resize_pblock [get_pblocks {CLKAG_base_i/processing_system7_0/inst/FCLK_CLK1}] -add {CLOCKREGION_X0Y0:CLOCKREGION_X0Y0 CLOCKREGION_X0Y1:CLOCKREGION_X0Y1 CLOCKREGION_X0Y2:CLOCKREGION_X0Y2 CLOCKREGION_X1Y0:CLOCKREGION_X1Y0 CLOCKREGION_X1Y1:CLOCKREGION_X1Y1 CLOCKREGION_X1Y2:CLOCKREGION_X1Y2}
#endgroup

# Clock net "base_i/processing_system7_0/inst/FCLK_CLK0" driven by instance "base_i/processing_system7_0/inst/buffer_fclk_clk_0.FCLK_CLK_0_BUFG" located at site "BUFGCTRL_X0Y16"
#startgroup
create_pblock {CLKAG_base_i/processing_system7_0/inst/FCLK_CLK0}
add_cells_to_pblock [get_pblocks  {CLKAG_base_i/processing_system7_0/inst/FCLK_CLK0}] [get_cells -filter { PRIMITIVE_GROUP != I/O && IS_PRIMITIVE==1 && PRIMITIVE_LEVEL !=INTERNAL && NAME!=base_i/clk_wiz_1/inst/mmcm_adv_inst && NAME!=base_i/clk_wiz_0/inst/mmcm_adv_inst} -of_object [get_pins -filter {DIRECTION==IN} -of_objects [get_nets -hierarchical -filter {PARENT=="base_i/processing_system7_0/inst/FCLK_CLK0"}]]]
resize_pblock [get_pblocks {CLKAG_base_i/processing_system7_0/inst/FCLK_CLK0}] -add {CLOCKREGION_X0Y0:CLOCKREGION_X0Y0 CLOCKREGION_X0Y1:CLOCKREGION_X0Y1 CLOCKREGION_X0Y2:CLOCKREGION_X0Y2 CLOCKREGION_X1Y0:CLOCKREGION_X1Y0 CLOCKREGION_X1Y1:CLOCKREGION_X1Y1 CLOCKREGION_X1Y2:CLOCKREGION_X1Y2}
#endgroup

# Clock net "base_i/clk_wiz_1/inst/dvi_clk_x5" driven by instance "base_i/clk_wiz_1/inst/clkout2_buf" located at site "BUFGCTRL_X0Y2"
#startgroup
create_pblock {CLKAG_base_i/clk_wiz_1/inst/dvi_clk_x5}
add_cells_to_pblock [get_pblocks  {CLKAG_base_i/clk_wiz_1/inst/dvi_clk_x5}] [get_cells -filter { PRIMITIVE_GROUP != I/O && IS_PRIMITIVE==1 && PRIMITIVE_LEVEL !=INTERNAL } -of_object [get_pins -filter {DIRECTION==IN} -of_objects [get_nets -hierarchical -filter {PARENT=="base_i/clk_wiz_1/inst/dvi_clk_x5"}]]]
resize_pblock [get_pblocks {CLKAG_base_i/clk_wiz_1/inst/dvi_clk_x5}] -add {CLOCKREGION_X1Y2:CLOCKREGION_X1Y2}
#endgroup

# Clock net "base_i/clk_wiz_1/inst/dvi_clk" driven by instance "base_i/clk_wiz_1/inst/clkout1_buf" located at site "BUFGCTRL_X0Y0"
#startgroup
create_pblock {CLKAG_base_i/clk_wiz_1/inst/dvi_clk}
add_cells_to_pblock [get_pblocks  {CLKAG_base_i/clk_wiz_1/inst/dvi_clk}] [get_cells -filter { PRIMITIVE_GROUP != I/O && IS_PRIMITIVE==1 && PRIMITIVE_LEVEL !=INTERNAL } -of_object [get_pins -filter {DIRECTION==IN} -of_objects [get_nets -hierarchical -filter {PARENT=="base_i/clk_wiz_1/inst/dvi_clk"}]]]
resize_pblock [get_pblocks {CLKAG_base_i/clk_wiz_1/inst/dvi_clk}] -add {CLOCKREGION_X1Y2:CLOCKREGION_X1Y2}
#endgroup

# Clock net "base_i/clk_wiz_0/inst/lcd_clk" driven by instance "base_i/clk_wiz_0/inst/clkout3_buf" located at site "BUFGCTRL_X0Y1"
#startgroup
create_pblock {CLKAG_base_i/clk_wiz_0/inst/lcd_clk}
add_cells_to_pblock [get_pblocks  {CLKAG_base_i/clk_wiz_0/inst/lcd_clk}] [get_cells -filter { PRIMITIVE_GROUP != I/O && IS_PRIMITIVE==1 && PRIMITIVE_LEVEL !=INTERNAL && NAME!=lcd_clk_OBUF_inst} -of_object [get_pins -filter {DIRECTION==IN} -of_objects [get_nets -hierarchical -filter {PARENT=="base_i/clk_wiz_0/inst/lcd_clk"}]]]
resize_pblock [get_pblocks {CLKAG_base_i/clk_wiz_0/inst/lcd_clk}] -add {CLOCKREGION_X0Y1:CLOCKREGION_X0Y1 CLOCKREGION_X1Y1:CLOCKREGION_X1Y1}
#endgroup

# Clock net "base_i/clk_wiz_0/inst/isp_pclk" driven by instance "base_i/clk_wiz_0/inst/clkout2_buf" located at site "BUFGCTRL_X0Y4"
#startgroup
create_pblock {CLKAG_base_i/clk_wiz_0/inst/isp_pclk}
add_cells_to_pblock [get_pblocks  {CLKAG_base_i/clk_wiz_0/inst/isp_pclk}] [get_cells -filter { PRIMITIVE_GROUP != I/O && IS_PRIMITIVE==1 && PRIMITIVE_LEVEL !=INTERNAL } -of_object [get_pins -filter {DIRECTION==IN} -of_objects [get_nets -hierarchical -filter {PARENT=="base_i/clk_wiz_0/inst/isp_pclk"}]]]
resize_pblock [get_pblocks {CLKAG_base_i/clk_wiz_0/inst/isp_pclk}] -add {CLOCKREGION_X0Y0:CLOCKREGION_X0Y0 CLOCKREGION_X0Y1:CLOCKREGION_X0Y1 CLOCKREGION_X0Y2:CLOCKREGION_X0Y2 CLOCKREGION_X1Y0:CLOCKREGION_X1Y0 CLOCKREGION_X1Y1:CLOCKREGION_X1Y1 CLOCKREGION_X1Y2:CLOCKREGION_X1Y2}
#endgroup

# Clock net "base_i/clk_wiz_0/inst/camif_xclk" driven by instance "base_i/clk_wiz_0/inst/clkout1_buf" located at site "BUFGCTRL_X0Y7"
#startgroup
create_pblock {CLKAG_base_i/clk_wiz_0/inst/camif_xclk}
add_cells_to_pblock [get_pblocks  {CLKAG_base_i/clk_wiz_0/inst/camif_xclk}] [get_cells -filter { PRIMITIVE_GROUP != I/O && IS_PRIMITIVE==1 && PRIMITIVE_LEVEL !=INTERNAL } -of_object [get_pins -filter {DIRECTION==IN} -of_objects [get_nets -hierarchical -filter {PARENT=="base_i/clk_wiz_0/inst/camif_xclk"}]]]
resize_pblock [get_pblocks {CLKAG_base_i/clk_wiz_0/inst/camif_xclk}] -add {CLOCKREGION_X1Y0:CLOCKREGION_X1Y0 CLOCKREGION_X1Y1:CLOCKREGION_X1Y1}
#endgroup
