"Running Make libs in ps7_cortexa9_0/libsrc/standalone_v6_8/src"
make -C ps7_cortexa9_0/libsrc/standalone_v6_8/src -s libs  "SHELL=CMD" "COMPILER=arm-none-eabi-gcc" "ARCHIVER=arm-none-eabi-ar" "COMPILER_FLAGS=  -O2 -c" "EXTRA_COMPILER_FLAGS=-mcpu=cortex-a9 -mfpu=vfpv3 -mfloat-abi=hard -nostartfiles -g -Wall -Wextra"
"Compiling standalone"
In file included from usleep.c:56:0:
xtime_l.h:87:9: note: #pragma message: For the sleep routines, Global timer is being used
 #pragma message ("For the sleep routines, Global timer is being used")
         ^~~~~~~
In file included from xil_sleeptimer.c:51:0:
xtime_l.h:87:9: note: #pragma message: For the sleep routines, Global timer is being used
 #pragma message ("For the sleep routines, Global timer is being used")
         ^~~~~~~
In file included from xtime_l.c:49:0:
xtime_l.h:87:9: note: #pragma message: For the sleep routines, Global timer is being used
 #pragma message ("For the sleep routines, Global timer is being used")
         ^~~~~~~
In file included from sleep.c:53:0:
xtime_l.h:87:9: note: #pragma message: For the sleep routines, Global timer is being used
 #pragma message ("For the sleep routines, Global timer is being used")
         ^~~~~~~
"Running Make libs in ps7_cortexa9_0/libsrc/uartps_v3_7/src"
make -C ps7_cortexa9_0/libsrc/uartps_v3_7/src -s libs  "SHELL=CMD" "COMPILER=arm-none-eabi-gcc" "ARCHIVER=arm-none-eabi-ar" "COMPILER_FLAGS=  -O2 -c" "EXTRA_COMPILER_FLAGS=-mcpu=cortex-a9 -mfpu=vfpv3 -mfloat-abi=hard -nostartfiles -g -Wall -Wextra"
"Compiling uartps"
"Running Make libs in ps7_cortexa9_0/libsrc/xadcps_v2_3/src"
make -C ps7_cortexa9_0/libsrc/xadcps_v2_3/src -s libs  "SHELL=CMD" "COMPILER=arm-none-eabi-gcc" "ARCHIVER=arm-none-eabi-ar" "COMPILER_FLAGS=  -O2 -c" "EXTRA_COMPILER_FLAGS=-mcpu=cortex-a9 -mfpu=vfpv3 -mfloat-abi=hard -nostartfiles -g -Wall -Wextra"
"Compiling xadcps"
"Running Make libs in ps7_cortexa9_0/libsrc/xil_camif_v1_0/src"
make -C ps7_cortexa9_0/libsrc/xil_camif_v1_0/src -s libs  "SHELL=CMD" "COMPILER=arm-none-eabi-gcc" "ARCHIVER=arm-none-eabi-ar" "COMPILER_FLAGS=  -O2 -c" "EXTRA_COMPILER_FLAGS=-mcpu=cortex-a9 -mfpu=vfpv3 -mfloat-abi=hard -nostartfiles -g -Wall -Wextra"
"Compiling xil_camif..."
xil_camif_selftest.c: In function 'XIL_CAMIF_Reg_SelfTest':
xil_camif_selftest.c:52:58: warning: comparison between signed and unsigned integer expressions [-Wsign-compare]
    if ( XIL_CAMIF_mReadReg (baseaddr, read_loop_index*4) != (read_loop_index+1)*READ_WRITE_MUL_FACTOR){
                                                          ^~
xil_camif_selftest.c:36:6: warning: unused variable 'Index' [-Wunused-variable]
  int Index;
      ^~~~~
"Running Make libs in ps7_cortexa9_0/libsrc/xil_isp_lite_v1_0/src"
make -C ps7_cortexa9_0/libsrc/xil_isp_lite_v1_0/src -s libs  "SHELL=CMD" "COMPILER=arm-none-eabi-gcc" "ARCHIVER=arm-none-eabi-ar" "COMPILER_FLAGS=  -O2 -c" "EXTRA_COMPILER_FLAGS=-mcpu=cortex-a9 -mfpu=vfpv3 -mfloat-abi=hard -nostartfiles -g -Wall -Wextra"
"Compiling xil_isp_lite..."
xil_isp_lite.c: In function 'isp_ae_handler':
xil_isp_lite.c:80:3: warning: implicit declaration of function 'printf' [-Wimplicit-function-declaration]
   printf("ALG_AEC: Exposure:%u Gain:0x%04X ISP_DGain:0x%02X (pixcnt:%llu sum_luma:%llu, avg_luma:%llu, target_luma:%u)\n",
   ^~~~~~
xil_isp_lite.c:80:3: warning: incompatible implicit declaration of built-in function 'printf'
xil_isp_lite.c:80:3: note: include '<stdio.h>' or provide a declaration of 'printf'
xil_isp_lite.c: In function 'isp_awb_handler':
xil_isp_lite.c:136:3: warning: incompatible implicit declaration of built-in function 'printf'
   printf("ALG_AWB RGain:0x%02X BGain:0x%02X (pixcnt:%llu sum_rgb:%llu,%llu,%llu, avg_rgb:%llu,%llu,%llu)\n",
   ^~~~~~
xil_isp_lite.c:136:3: note: include '<stdio.h>' or provide a declaration of 'printf'
xil_isp_lite_selftest.c: In function 'XIL_ISP_LITE_Reg_SelfTest':
xil_isp_lite_selftest.c:52:61: warning: comparison between signed and unsigned integer expressions [-Wsign-compare]
    if ( XIL_ISP_LITE_mReadReg (baseaddr, read_loop_index*4) != (read_loop_index+1)*READ_WRITE_MUL_FACTOR){
                                                             ^~
xil_isp_lite_selftest.c:36:6: warning: unused variable 'Index' [-Wunused-variable]
  int Index;
      ^~~~~
"Running Make libs in ps7_cortexa9_0/libsrc/xil_vip_v1_0/src"
make -C ps7_cortexa9_0/libsrc/xil_vip_v1_0/src -s libs  "SHELL=CMD" "COMPILER=arm-none-eabi-gcc" "ARCHIVER=arm-none-eabi-ar" "COMPILER_FLAGS=  -O2 -c" "EXTRA_COMPILER_FLAGS=-mcpu=cortex-a9 -mfpu=vfpv3 -mfloat-abi=hard -nostartfiles -g -Wall -Wextra"
"Compiling xil_vip..."
xil_vip_selftest.c: In function 'XIL_VIP_Reg_SelfTest':
xil_vip_selftest.c:52:56: warning: comparison between signed and unsigned integer expressions [-Wsign-compare]
    if ( XIL_VIP_mReadReg (baseaddr, read_loop_index*4) != (read_loop_index+1)*READ_WRITE_MUL_FACTOR){
                                                        ^~
xil_vip_selftest.c:36:6: warning: unused variable 'Index' [-Wunused-variable]
  int Index;
      ^~~~~
'Finished building libraries'
13:24:17 **** Build of configuration Debug for project base ****
make pre-build main-build 
a9-linaro-pre-build-step
' '
'Building file: ../src/main.c'
'Invoking: ARM v7 gcc compiler'
arm-none-eabi-gcc -Wall -O0 -g3 -c -fmessage-length=0 -MT"src/main.o" -mcpu=cortex-a9 -mfpu=vfpv3 -mfloat-abi=hard -I../../base_bsp/ps7_cortexa9_0/include -MMD -MP -MF"src/main.d" -MT"src/main.o" -o "src/main.o" "../src/main.c"
In file included from ../src/main.c:7:0:
../../base_bsp/ps7_cortexa9_0/include/xtime_l.h:87:9: note: #pragma message: For the sleep routines, Global timer is being used
 #pragma message ("For the sleep routines, Global timer is being used")
         ^~~~~~~
../src/main.c: In function 'vip_init_osd':
../src/main.c:558:44: warning: format '%X' expects argument of type 'unsigned int', but argument 6 has type 'u32 {aka long unsigned int}' [-Wformat=]
  printf("osd rect:%lu,%lu,%lu,%lu fg/bg:%08X,%08X\n",
                                         ~~~^
                                         %08lX
../src/main.c:558:49: warning: format '%X' expects argument of type 'unsigned int', but argument 7 has type 'u32 {aka long unsigned int}' [-Wformat=]
  printf("osd rect:%lu,%lu,%lu,%lu fg/bg:%08X,%08X\n",
                                              ~~~^
                                              %08lX
'Finished building: ../src/main.c'
' '
'Building file: ../src/ov5640_init.c'
'Invoking: ARM v7 gcc compiler'
arm-none-eabi-gcc -Wall -O0 -g3 -c -fmessage-length=0 -MT"src/ov5640_init.o" -mcpu=cortex-a9 -mfpu=vfpv3 -mfloat-abi=hard -I../../base_bsp/ps7_cortexa9_0/include -MMD -MP -MF"src/ov5640_init.d" -MT"src/ov5640_init.o" -o "src/ov5640_init.o" "../src/ov5640_init.c"
'Finished building: ../src/ov5640_init.c'
' '
'Building file: ../src/sys_intr.c'
'Invoking: ARM v7 gcc compiler'
arm-none-eabi-gcc -Wall -O0 -g3 -c -fmessage-length=0 -MT"src/sys_intr.o" -mcpu=cortex-a9 -mfpu=vfpv3 -mfloat-abi=hard -I../../base_bsp/ps7_cortexa9_0/include -MMD -MP -MF"src/sys_intr.d" -MT"src/sys_intr.o" -o "src/sys_intr.o" "../src/sys_intr.c"
'Finished building: ../src/sys_intr.c'
' '
'Building file: ../src/vdma_api.c'
'Invoking: ARM v7 gcc compiler'
arm-none-eabi-gcc -Wall -O0 -g3 -c -fmessage-length=0 -MT"src/vdma_api.o" -mcpu=cortex-a9 -mfpu=vfpv3 -mfloat-abi=hard -I../../base_bsp/ps7_cortexa9_0/include -MMD -MP -MF"src/vdma_api.d" -MT"src/vdma_api.o" -o "src/vdma_api.o" "../src/vdma_api.c"
'Finished building: ../src/vdma_api.c'
' '
'Building target: base.elf'
'Invoking: ARM v7 gcc linker'
arm-none-eabi-gcc -mcpu=cortex-a9 -mfpu=vfpv3 -mfloat-abi=hard -Wl,-build-id=none -specs=Xilinx.spec -Wl,-T -Wl,../src/lscript.ld -L../../base_bsp/ps7_cortexa9_0/lib -o "base.elf"  ./src/main.o ./src/ov5640_init.o ./src/sys_intr.o ./src/vdma_api.o   -Wl,--start-group,-lxil,-lgcc,-lc,--end-group
'Finished building target: base.elf'
' '
'Invoking: ARM v7 Print Size'
arm-none-eabi-size base.elf  |tee "base.elf.size"
   text	   data	    bss	    dec	    hex	filename
 120832	   3936	  24816	 149584	  24850	base.elf
'Finished building: base.elf.size'
' '
13:24:52 **** Incremental Build of configuration Debug for project base ****
make pre-build main-build 
a9-linaro-pre-build-step
' '
make: Nothing to be done for 'main-build'.
13:25:08 **** Incremental Build of configuration Debug for project base ****
make pre-build main-build 
a9-linaro-pre-build-step
' '
make: Nothing to be done for 'main-build'.
13:35:12 **** Auto Build of configuration Debug for project h264 ****
make pre-build main-build 
a9-linaro-pre-build-step
' '
'Building file: ../src/main.c'
'Invoking: ARM v7 gcc compiler'
arm-none-eabi-gcc -Wall -O0 -g3 -c -fmessage-length=0 -MT"src/main.o" -mcpu=cortex-a9 -mfpu=vfpv3 -mfloat-abi=hard -I../../h264_bsp/ps7_cortexa9_0/include -MMD -MP -MF"src/main.d" -MT"src/main.o" -o "src/main.o" "../src/main.c"
In file included from ../src/main.c:9:0:
../../h264_bsp/ps7_cortexa9_0/include/xtime_l.h:87:9: note: #pragma message: For the sleep routines, Global timer is being used
 #pragma message ("For the sleep routines, Global timer is being used")
         ^~~~~~~
../src/main.c: In function 'init_camif_isp_vip':
../src/main.c:194:2: warning: implicit declaration of function 'usleep'; did you mean 'fseek'? [-Wimplicit-function-declaration]
  usleep(100000);
  ^~~~~~
  fseek
../src/main.c: In function 'yuv_convert':
../src/main.c:505:21: warning: initialization makes integer from pointer without a cast [-Wint-conversion]
  unsigned src_ptr = src;
                     ^~~
../src/main.c:506:21: warning: initialization makes integer from pointer without a cast [-Wint-conversion]
  unsigned dst_ptr = dst;
                     ^~~
../src/main.c: In function 'main':
../src/main.c:616:19: warning: passing argument 2 of 'f_write' makes pointer from integer without a cast [-Wint-conversion]
     f_write(&fil, avc_buff, nbs, &bw);
                   ^~~~~~~~
In file included from ../src/main.c:314:0:
../../h264_bsp/ps7_cortexa9_0/include/ff.h:305:9: note: expected 'const void *' but argument is of type 'int'
 FRESULT f_write (FIL* fp, const void* buff, UINT btw, UINT* bw); /* Write data to the file */
         ^~~~~~~
../src/main.c:593:67: warning: variable 'prev_vip_int' set but not used [-Wunused-but-set-variable]
  unsigned prev_frame_cnt = 0, prev_cam_int = 0, prev_isp_int = 0, prev_vip_int = 0;
                                                                   ^~~~~~~~~~~~
../src/main.c:593:49: warning: variable 'prev_isp_int' set but not used [-Wunused-but-set-variable]
  unsigned prev_frame_cnt = 0, prev_cam_int = 0, prev_isp_int = 0, prev_vip_int = 0;
                                                 ^~~~~~~~~~~~
../src/main.c:593:31: warning: variable 'prev_cam_int' set but not used [-Wunused-but-set-variable]
  unsigned prev_frame_cnt = 0, prev_cam_int = 0, prev_isp_int = 0, prev_vip_int = 0;
                               ^~~~~~~~~~~~
../src/main.c:593:11: warning: variable 'prev_frame_cnt' set but not used [-Wunused-but-set-variable]
  unsigned prev_frame_cnt = 0, prev_cam_int = 0, prev_isp_int = 0, prev_vip_int = 0;
           ^~~~~~~~~~~~~~
../src/main.c:533:11: warning: unused variable 'enc_vdma_inst' [-Wunused-variable]
  XAxiVdma enc_vdma_inst;
           ^~~~~~~~~~~~~
../src/main.c: In function 'vip_init_osd':
../src/main.c:747:44: warning: format '%X' expects argument of type 'unsigned int', but argument 6 has type 'u32 {aka long unsigned int}' [-Wformat=]
  printf("osd rect:%lu,%lu,%lu,%lu fg/bg:%08X,%08X\n",
                                         ~~~^
                                         %08lX
../src/main.c:747:49: warning: format '%X' expects argument of type 'unsigned int', but argument 7 has type 'u32 {aka long unsigned int}' [-Wformat=]
  printf("osd rect:%lu,%lu,%lu,%lu fg/bg:%08X,%08X\n",
                                              ~~~^
                                              %08lX
At top level:
../src/main.c:501:13: warning: 'yuv_convert' defined but not used [-Wunused-function]
 static void yuv_convert(const unsigned char* src, unsigned char* dst, int width, int height)
             ^~~~~~~~~~~
'Finished building: ../src/main.c'
' '
'Building target: h264.elf'
'Invoking: ARM v7 gcc linker'
arm-none-eabi-gcc -mcpu=cortex-a9 -mfpu=vfpv3 -mfloat-abi=hard -Wl,-build-id=none -specs=Xilinx.spec -Wl,-T -Wl,../src/lscript.ld -L../../h264_bsp/ps7_cortexa9_0/lib -o "h264.elf"  ./src/main.o ./src/ov5640_init.o ./src/sys_intr.o ./src/vdma_api.o   -Wl,--start-group,-lxil,-lgcc,-lc,--end-group -Wl,--start-group,-lxilffs,-lxil,-lgcc,-lc,--end-group
'Finished building target: h264.elf'
' '
'Invoking: ARM v7 Print Size'
arm-none-eabi-size h264.elf  |tee "h264.elf.size"
   text	   data	    bss	    dec	    hex	filename
 233736	   3776	  26992	 264504	  40938	h264.elf
'Finished building: h264.elf.size'
' '
13:35:17 **** Incremental Build of configuration Debug for project h264 ****
make pre-build main-build 
a9-linaro-pre-build-step
' '
make: Nothing to be done for 'main-build'.
13:38:37 **** Auto Build of configuration Debug for project h264 ****
make pre-build main-build 
a9-linaro-pre-build-step
' '
'Building file: ../src/main.c'
'Invoking: ARM v7 gcc compiler'
arm-none-eabi-gcc -Wall -O0 -g3 -c -fmessage-length=0 -MT"src/main.o" -mcpu=cortex-a9 -mfpu=vfpv3 -mfloat-abi=hard -I../../h264_bsp/ps7_cortexa9_0/include -MMD -MP -MF"src/main.d" -MT"src/main.o" -o "src/main.o" "../src/main.c"
In file included from ../src/main.c:9:0:
../../h264_bsp/ps7_cortexa9_0/include/xtime_l.h:87:9: note: #pragma message: For the sleep routines, Global timer is being used
 #pragma message ("For the sleep routines, Global timer is being used")
         ^~~~~~~
../src/main.c: In function 'init_camif_isp_vip':
../src/main.c:194:2: warning: implicit declaration of function 'usleep'; did you mean 'fseek'? [-Wimplicit-function-declaration]
  usleep(100000);
  ^~~~~~
  fseek
../src/main.c: In function 'yuv_convert':
../src/main.c:505:21: warning: initialization makes integer from pointer without a cast [-Wint-conversion]
  unsigned src_ptr = src;
                     ^~~
../src/main.c:506:21: warning: initialization makes integer from pointer without a cast [-Wint-conversion]
  unsigned dst_ptr = dst;
                     ^~~
../src/main.c: In function 'main':
../src/main.c:616:19: warning: passing argument 2 of 'f_write' makes pointer from integer without a cast [-Wint-conversion]
     f_write(&fil, avc_buff, nbs, &bw);
                   ^~~~~~~~
In file included from ../src/main.c:314:0:
../../h264_bsp/ps7_cortexa9_0/include/ff.h:305:9: note: expected 'const void *' but argument is of type 'int'
 FRESULT f_write (FIL* fp, const void* buff, UINT btw, UINT* bw); /* Write data to the file */
         ^~~~~~~
../src/main.c:593:67: warning: variable 'prev_vip_int' set but not used [-Wunused-but-set-variable]
  unsigned prev_frame_cnt = 0, prev_cam_int = 0, prev_isp_int = 0, prev_vip_int = 0;
                                                                   ^~~~~~~~~~~~
../src/main.c:593:49: warning: variable 'prev_isp_int' set but not used [-Wunused-but-set-variable]
  unsigned prev_frame_cnt = 0, prev_cam_int = 0, prev_isp_int = 0, prev_vip_int = 0;
                                                 ^~~~~~~~~~~~
../src/main.c:593:31: warning: variable 'prev_cam_int' set but not used [-Wunused-but-set-variable]
  unsigned prev_frame_cnt = 0, prev_cam_int = 0, prev_isp_int = 0, prev_vip_int = 0;
                               ^~~~~~~~~~~~
../src/main.c:593:11: warning: variable 'prev_frame_cnt' set but not used [-Wunused-but-set-variable]
  unsigned prev_frame_cnt = 0, prev_cam_int = 0, prev_isp_int = 0, prev_vip_int = 0;
           ^~~~~~~~~~~~~~
../src/main.c:533:11: warning: unused variable 'enc_vdma_inst' [-Wunused-variable]
  XAxiVdma enc_vdma_inst;
           ^~~~~~~~~~~~~
../src/main.c: In function 'vip_init_osd':
../src/main.c:747:44: warning: format '%X' expects argument of type 'unsigned int', but argument 6 has type 'u32 {aka long unsigned int}' [-Wformat=]
  printf("osd rect:%lu,%lu,%lu,%lu fg/bg:%08X,%08X\n",
                                         ~~~^
                                         %08lX
../src/main.c:747:49: warning: format '%X' expects argument of type 'unsigned int', but argument 7 has type 'u32 {aka long unsigned int}' [-Wformat=]
  printf("osd rect:%lu,%lu,%lu,%lu fg/bg:%08X,%08X\n",
                                              ~~~^
                                              %08lX
At top level:
../src/main.c:501:13: warning: 'yuv_convert' defined but not used [-Wunused-function]
 static void yuv_convert(const unsigned char* src, unsigned char* dst, int width, int height)
             ^~~~~~~~~~~
'Finished building: ../src/main.c'
' '
'Building target: h264.elf'
'Invoking: ARM v7 gcc linker'
arm-none-eabi-gcc -mcpu=cortex-a9 -mfpu=vfpv3 -mfloat-abi=hard -Wl,-build-id=none -specs=Xilinx.spec -Wl,-T -Wl,../src/lscript.ld -L../../h264_bsp/ps7_cortexa9_0/lib -o "h264.elf"  ./src/main.o ./src/ov5640_init.o ./src/sys_intr.o ./src/vdma_api.o   -Wl,--start-group,-lxil,-lgcc,-lc,--end-group -Wl,--start-group,-lxilffs,-lxil,-lgcc,-lc,--end-group
'Finished building target: h264.elf'
' '
'Invoking: ARM v7 Print Size'
arm-none-eabi-size h264.elf  |tee "h264.elf.size"
   text	   data	    bss	    dec	    hex	filename
 233736	   3776	  26992	 264504	  40938	h264.elf
'Finished building: h264.elf.size'
' '
13:39:01 **** Incremental Build of configuration Debug for project h264 ****
make pre-build main-build 
a9-linaro-pre-build-step
' '
make: Nothing to be done for 'main-build'.
13:43:54 **** Auto Build of configuration Debug for project h264 ****
make pre-build main-build 
a9-linaro-pre-build-step
' '
'Building file: ../src/main.c'
'Invoking: ARM v7 gcc compiler'
arm-none-eabi-gcc -Wall -O0 -g3 -c -fmessage-length=0 -MT"src/main.o" -mcpu=cortex-a9 -mfpu=vfpv3 -mfloat-abi=hard -I../../h264_bsp/ps7_cortexa9_0/include -MMD -MP -MF"src/main.d" -MT"src/main.o" -o "src/main.o" "../src/main.c"
In file included from ../src/main.c:9:0:
../../h264_bsp/ps7_cortexa9_0/include/xtime_l.h:87:9: note: #pragma message: For the sleep routines, Global timer is being used
 #pragma message ("For the sleep routines, Global timer is being used")
         ^~~~~~~
../src/main.c: In function 'init_camif_isp_vip':
../src/main.c:194:2: warning: implicit declaration of function 'usleep'; did you mean 'fseek'? [-Wimplicit-function-declaration]
  usleep(100000);
  ^~~~~~
  fseek
../src/main.c: In function 'yuv_convert':
../src/main.c:505:21: warning: initialization makes integer from pointer without a cast [-Wint-conversion]
  unsigned src_ptr = src;
                     ^~~
../src/main.c:506:21: warning: initialization makes integer from pointer without a cast [-Wint-conversion]
  unsigned dst_ptr = dst;
                     ^~~
../src/main.c: In function 'main':
../src/main.c:616:19: warning: passing argument 2 of 'f_write' makes pointer from integer without a cast [-Wint-conversion]
     f_write(&fil, avc_buff, nbs, &bw);
                   ^~~~~~~~
In file included from ../src/main.c:314:0:
../../h264_bsp/ps7_cortexa9_0/include/ff.h:305:9: note: expected 'const void *' but argument is of type 'int'
 FRESULT f_write (FIL* fp, const void* buff, UINT btw, UINT* bw); /* Write data to the file */
         ^~~~~~~
../src/main.c:593:67: warning: variable 'prev_vip_int' set but not used [-Wunused-but-set-variable]
  unsigned prev_frame_cnt = 0, prev_cam_int = 0, prev_isp_int = 0, prev_vip_int = 0;
                                                                   ^~~~~~~~~~~~
../src/main.c:593:49: warning: variable 'prev_isp_int' set but not used [-Wunused-but-set-variable]
  unsigned prev_frame_cnt = 0, prev_cam_int = 0, prev_isp_int = 0, prev_vip_int = 0;
                                                 ^~~~~~~~~~~~
../src/main.c:593:31: warning: variable 'prev_cam_int' set but not used [-Wunused-but-set-variable]
  unsigned prev_frame_cnt = 0, prev_cam_int = 0, prev_isp_int = 0, prev_vip_int = 0;
                               ^~~~~~~~~~~~
../src/main.c:593:11: warning: variable 'prev_frame_cnt' set but not used [-Wunused-but-set-variable]
  unsigned prev_frame_cnt = 0, prev_cam_int = 0, prev_isp_int = 0, prev_vip_int = 0;
           ^~~~~~~~~~~~~~
../src/main.c:533:11: warning: unused variable 'enc_vdma_inst' [-Wunused-variable]
  XAxiVdma enc_vdma_inst;
           ^~~~~~~~~~~~~
../src/main.c: In function 'vip_init_osd':
../src/main.c:747:44: warning: format '%X' expects argument of type 'unsigned int', but argument 6 has type 'u32 {aka long unsigned int}' [-Wformat=]
  printf("osd rect:%lu,%lu,%lu,%lu fg/bg:%08X,%08X\n",
                                         ~~~^
                                         %08lX
../src/main.c:747:49: warning: format '%X' expects argument of type 'unsigned int', but argument 7 has type 'u32 {aka long unsigned int}' [-Wformat=]
  printf("osd rect:%lu,%lu,%lu,%lu fg/bg:%08X,%08X\n",
                                              ~~~^
                                              %08lX
At top level:
../src/main.c:501:13: warning: 'yuv_convert' defined but not used [-Wunused-function]
 static void yuv_convert(const unsigned char* src, unsigned char* dst, int width, int height)
             ^~~~~~~~~~~
'Finished building: ../src/main.c'
' '
'Building target: h264.elf'
'Invoking: ARM v7 gcc linker'
arm-none-eabi-gcc -mcpu=cortex-a9 -mfpu=vfpv3 -mfloat-abi=hard -Wl,-build-id=none -specs=Xilinx.spec -Wl,-T -Wl,../src/lscript.ld -L../../h264_bsp/ps7_cortexa9_0/lib -o "h264.elf"  ./src/main.o ./src/ov5640_init.o ./src/sys_intr.o ./src/vdma_api.o   -Wl,--start-group,-lxil,-lgcc,-lc,--end-group -Wl,--start-group,-lxilffs,-lxil,-lgcc,-lc,--end-group
'Finished building target: h264.elf'
' '
'Invoking: ARM v7 Print Size'
arm-none-eabi-size h264.elf  |tee "h264.elf.size"
   text	   data	    bss	    dec	    hex	filename
 233736	   3776	  26992	 264504	  40938	h264.elf
'Finished building: h264.elf.size'
' '
13:44:10 **** Incremental Build of configuration Debug for project h264 ****
make pre-build main-build 
a9-linaro-pre-build-step
' '
make: Nothing to be done for 'main-build'.
01:03:11 **** Clean-only build of project base_bsp ****
make -k clean 
make -C ps7_cortexa9_0/libsrc/axivdma_v6_6/src -s clean 
make -C ps7_cortexa9_0/libsrc/coresightps_dcc_v1_4/src -s clean 
make -C ps7_cortexa9_0/libsrc/cpu_cortexa9_v2_7/src -s clean 
make -C ps7_cortexa9_0/libsrc/ddrps_v1_0/src -s clean 
make -C ps7_cortexa9_0/libsrc/devcfg_v3_5/src -s clean 
make -C ps7_cortexa9_0/libsrc/dmaps_v2_4/src -s clean 
make -C ps7_cortexa9_0/libsrc/gpiops_v3_4/src -s clean 
make -C ps7_cortexa9_0/libsrc/iic_v3_5/src -s clean 
make -C ps7_cortexa9_0/libsrc/intc_v3_8/src -s clean 
make -C ps7_cortexa9_0/libsrc/scugic_v3_10/src -s clean 
make -C ps7_cortexa9_0/libsrc/scutimer_v2_1/src -s clean 
make -C ps7_cortexa9_0/libsrc/scuwdt_v2_1/src -s clean 
make -C ps7_cortexa9_0/libsrc/sdps_v3_6/src -s clean 
make -C ps7_cortexa9_0/libsrc/standalone_v6_8/src -s clean 
make -C ps7_cortexa9_0/libsrc/uartps_v3_7/src -s clean 
make -C ps7_cortexa9_0/libsrc/xadcps_v2_3/src -s clean 
make -C ps7_cortexa9_0/libsrc/xil_camif_v1_0/src -s clean 
rm: lstat¡®*.o¡¯Ê§°Ü: Invalid argument
make[1]: *** [Makefile:26: clean] Error 1
make: *** [Makefile:33: ps7_cortexa9_0/libsrc/xil_camif_v1_0/src/make.clean] Error 2
make -C ps7_cortexa9_0/libsrc/xil_isp_lite_v1_0/src -s clean 
rm: lstat¡®*.o¡¯Ê§°Ü: Invalid argument
make[1]: *** [Makefile:26: clean] Error 1
make: *** [Makefile:33: ps7_cortexa9_0/libsrc/xil_isp_lite_v1_0/src/make.clean] Error 2
make -C ps7_cortexa9_0/libsrc/xil_vip_v1_0/src -s clean 
rm: lstat¡®*.o¡¯Ê§°Ü: Invalid argument
make[1]: *** [Makefile:26: clean] Error 1
make: *** [Makefile:33: ps7_cortexa9_0/libsrc/xil_vip_v1_0/src/make.clean] Error 2
make: Target 'clean' not remade because of errors.
01:03:13 **** Clean-only build of configuration Debug for project base ****
make clean 
rm -rf  ./src/main.o ./src/ov5640_init.o ./src/sys_intr.o ./src/vdma_api.o  ./src/main.d ./src/ov5640_init.d ./src/sys_intr.d ./src/vdma_api.d  base.elf.size  base.elf
' '
01:03:14 **** Build of project base_bsp ****
make -k all 
"Running Make include in ps7_cortexa9_0/libsrc/axivdma_v6_6/src"
make -C ps7_cortexa9_0/libsrc/axivdma_v6_6/src -s include  "SHELL=CMD" "COMPILER=arm-none-eabi-gcc" "ARCHIVER=arm-none-eabi-ar" "COMPILER_FLAGS=  -O2 -c" "EXTRA_COMPILER_FLAGS=-mcpu=cortex-a9 -mfpu=vfpv3 -mfloat-abi=hard -nostartfiles -g -Wall -Wextra"
"Running Make include in ps7_cortexa9_0/libsrc/coresightps_dcc_v1_4/src"
make -C ps7_cortexa9_0/libsrc/coresightps_dcc_v1_4/src -s include  "SHELL=CMD" "COMPILER=arm-none-eabi-gcc" "ARCHIVER=arm-none-eabi-ar" "COMPILER_FLAGS=  -O2 -c" "EXTRA_COMPILER_FLAGS=-mcpu=cortex-a9 -mfpu=vfpv3 -mfloat-abi=hard -nostartfiles -g -Wall -Wextra"
"Running Make include in ps7_cortexa9_0/libsrc/cpu_cortexa9_v2_7/src"
make -C ps7_cortexa9_0/libsrc/cpu_cortexa9_v2_7/src -s include  "SHELL=CMD" "COMPILER=arm-none-eabi-gcc" "ARCHIVER=arm-none-eabi-ar" "COMPILER_FLAGS=  -O2 -c" "EXTRA_COMPILER_FLAGS=-mcpu=cortex-a9 -mfpu=vfpv3 -mfloat-abi=hard -nostartfiles -g -Wall -Wextra"
"Running Make include in ps7_cortexa9_0/libsrc/ddrps_v1_0/src"
make -C ps7_cortexa9_0/libsrc/ddrps_v1_0/src -s include  "SHELL=CMD" "COMPILER=arm-none-eabi-gcc" "ARCHIVER=arm-none-eabi-ar" "COMPILER_FLAGS=  -O2 -c" "EXTRA_COMPILER_FLAGS=-mcpu=cortex-a9 -mfpu=vfpv3 -mfloat-abi=hard -nostartfiles -g -Wall -Wextra"
"Running Make include in ps7_cortexa9_0/libsrc/devcfg_v3_5/src"
make -C ps7_cortexa9_0/libsrc/devcfg_v3_5/src -s include  "SHELL=CMD" "COMPILER=arm-none-eabi-gcc" "ARCHIVER=arm-none-eabi-ar" "COMPILER_FLAGS=  -O2 -c" "EXTRA_COMPILER_FLAGS=-mcpu=cortex-a9 -mfpu=vfpv3 -mfloat-abi=hard -nostartfiles -g -Wall -Wextra"
"Running Make include in ps7_cortexa9_0/libsrc/dmaps_v2_4/src"
make -C ps7_cortexa9_0/libsrc/dmaps_v2_4/src -s include  "SHELL=CMD" "COMPILER=arm-none-eabi-gcc" "ARCHIVER=arm-none-eabi-ar" "COMPILER_FLAGS=  -O2 -c" "EXTRA_COMPILER_FLAGS=-mcpu=cortex-a9 -mfpu=vfpv3 -mfloat-abi=hard -nostartfiles -g -Wall -Wextra"
"Running Make include in ps7_cortexa9_0/libsrc/gpiops_v3_4/src"
make -C ps7_cortexa9_0/libsrc/gpiops_v3_4/src -s include  "SHELL=CMD" "COMPILER=arm-none-eabi-gcc" "ARCHIVER=arm-none-eabi-ar" "COMPILER_FLAGS=  -O2 -c" "EXTRA_COMPILER_FLAGS=-mcpu=cortex-a9 -mfpu=vfpv3 -mfloat-abi=hard -nostartfiles -g -Wall -Wextra"
"Running Make include in ps7_cortexa9_0/libsrc/iic_v3_5/src"
make -C ps7_cortexa9_0/libsrc/iic_v3_5/src -s include  "SHELL=CMD" "COMPILER=arm-none-eabi-gcc" "ARCHIVER=arm-none-eabi-ar" "COMPILER_FLAGS=  -O2 -c" "EXTRA_COMPILER_FLAGS=-mcpu=cortex-a9 -mfpu=vfpv3 -mfloat-abi=hard -nostartfiles -g -Wall -Wextra"
"Running Make include in ps7_cortexa9_0/libsrc/intc_v3_8/src"
make -C ps7_cortexa9_0/libsrc/intc_v3_8/src -s include  "SHELL=CMD" "COMPILER=arm-none-eabi-gcc" "ARCHIVER=arm-none-eabi-ar" "COMPILER_FLAGS=  -O2 -c" "EXTRA_COMPILER_FLAGS=-mcpu=cortex-a9 -mfpu=vfpv3 -mfloat-abi=hard -nostartfiles -g -Wall -Wextra"
"Running Make include in ps7_cortexa9_0/libsrc/scugic_v3_10/src"
make -C ps7_cortexa9_0/libsrc/scugic_v3_10/src -s include  "SHELL=CMD" "COMPILER=arm-none-eabi-gcc" "ARCHIVER=arm-none-eabi-ar" "COMPILER_FLAGS=  -O2 -c" "EXTRA_COMPILER_FLAGS=-mcpu=cortex-a9 -mfpu=vfpv3 -mfloat-abi=hard -nostartfiles -g -Wall -Wextra"
"Running Make include in ps7_cortexa9_0/libsrc/scutimer_v2_1/src"
make -C ps7_cortexa9_0/libsrc/scutimer_v2_1/src -s include  "SHELL=CMD" "COMPILER=arm-none-eabi-gcc" "ARCHIVER=arm-none-eabi-ar" "COMPILER_FLAGS=  -O2 -c" "EXTRA_COMPILER_FLAGS=-mcpu=cortex-a9 -mfpu=vfpv3 -mfloat-abi=hard -nostartfiles -g -Wall -Wextra"
"Running Make include in ps7_cortexa9_0/libsrc/scuwdt_v2_1/src"
make -C ps7_cortexa9_0/libsrc/scuwdt_v2_1/src -s include  "SHELL=CMD" "COMPILER=arm-none-eabi-gcc" "ARCHIVER=arm-none-eabi-ar" "COMPILER_FLAGS=  -O2 -c" "EXTRA_COMPILER_FLAGS=-mcpu=cortex-a9 -mfpu=vfpv3 -mfloat-abi=hard -nostartfiles -g -Wall -Wextra"
"Running Make include in ps7_cortexa9_0/libsrc/sdps_v3_6/src"
make -C ps7_cortexa9_0/libsrc/sdps_v3_6/src -s include  "SHELL=CMD" "COMPILER=arm-none-eabi-gcc" "ARCHIVER=arm-none-eabi-ar" "COMPILER_FLAGS=  -O2 -c" "EXTRA_COMPILER_FLAGS=-mcpu=cortex-a9 -mfpu=vfpv3 -mfloat-abi=hard -nostartfiles -g -Wall -Wextra"
"Running Make include in ps7_cortexa9_0/libsrc/standalone_v6_8/src"
make -C ps7_cortexa9_0/libsrc/standalone_v6_8/src -s include  "SHELL=CMD" "COMPILER=arm-none-eabi-gcc" "ARCHIVER=arm-none-eabi-ar" "COMPILER_FLAGS=  -O2 -c" "EXTRA_COMPILER_FLAGS=-mcpu=cortex-a9 -mfpu=vfpv3 -mfloat-abi=hard -nostartfiles -g -Wall -Wextra"
"Running Make include in ps7_cortexa9_0/libsrc/uartps_v3_7/src"
make -C ps7_cortexa9_0/libsrc/uartps_v3_7/src -s include  "SHELL=CMD" "COMPILER=arm-none-eabi-gcc" "ARCHIVER=arm-none-eabi-ar" "COMPILER_FLAGS=  -O2 -c" "EXTRA_COMPILER_FLAGS=-mcpu=cortex-a9 -mfpu=vfpv3 -mfloat-abi=hard -nostartfiles -g -Wall -Wextra"
"Running Make include in ps7_cortexa9_0/libsrc/xadcps_v2_3/src"
make -C ps7_cortexa9_0/libsrc/xadcps_v2_3/src -s include  "SHELL=CMD" "COMPILER=arm-none-eabi-gcc" "ARCHIVER=arm-none-eabi-ar" "COMPILER_FLAGS=  -O2 -c" "EXTRA_COMPILER_FLAGS=-mcpu=cortex-a9 -mfpu=vfpv3 -mfloat-abi=hard -nostartfiles -g -Wall -Wextra"
"Running Make include in ps7_cortexa9_0/libsrc/xil_camif_v1_0/src"
make -C ps7_cortexa9_0/libsrc/xil_camif_v1_0/src -s include  "SHELL=CMD" "COMPILER=arm-none-eabi-gcc" "ARCHIVER=arm-none-eabi-ar" "COMPILER_FLAGS=  -O2 -c" "EXTRA_COMPILER_FLAGS=-mcpu=cortex-a9 -mfpu=vfpv3 -mfloat-abi=hard -nostartfiles -g -Wall -Wextra"
"Running Make include in ps7_cortexa9_0/libsrc/xil_isp_lite_v1_0/src"
make -C ps7_cortexa9_0/libsrc/xil_isp_lite_v1_0/src -s include  "SHELL=CMD" "COMPILER=arm-none-eabi-gcc" "ARCHIVER=arm-none-eabi-ar" "COMPILER_FLAGS=  -O2 -c" "EXTRA_COMPILER_FLAGS=-mcpu=cortex-a9 -mfpu=vfpv3 -mfloat-abi=hard -nostartfiles -g -Wall -Wextra"
"Running Make include in ps7_cortexa9_0/libsrc/xil_vip_v1_0/src"
make -C ps7_cortexa9_0/libsrc/xil_vip_v1_0/src -s include  "SHELL=CMD" "COMPILER=arm-none-eabi-gcc" "ARCHIVER=arm-none-eabi-ar" "COMPILER_FLAGS=  -O2 -c" "EXTRA_COMPILER_FLAGS=-mcpu=cortex-a9 -mfpu=vfpv3 -mfloat-abi=hard -nostartfiles -g -Wall -Wextra"
"Running Make libs in ps7_cortexa9_0/libsrc/axivdma_v6_6/src"
make -C ps7_cortexa9_0/libsrc/axivdma_v6_6/src -s libs  "SHELL=CMD" "COMPILER=arm-none-eabi-gcc" "ARCHIVER=arm-none-eabi-ar" "COMPILER_FLAGS=  -O2 -c" "EXTRA_COMPILER_FLAGS=-mcpu=cortex-a9 -mfpu=vfpv3 -mfloat-abi=hard -nostartfiles -g -Wall -Wextra"
"Compiling axivdma"
arm-none-eabi-ar: creating ../../../lib/libxil.a
"Running Make libs in ps7_cortexa9_0/libsrc/coresightps_dcc_v1_4/src"
make -C ps7_cortexa9_0/libsrc/coresightps_dcc_v1_4/src -s libs  "SHELL=CMD" "COMPILER=arm-none-eabi-gcc" "ARCHIVER=arm-none-eabi-ar" "COMPILER_FLAGS=  -O2 -c" "EXTRA_COMPILER_FLAGS=-mcpu=cortex-a9 -mfpu=vfpv3 -mfloat-abi=hard -nostartfiles -g -Wall -Wextra"
"Compiling coresightps_dcc"
"Running Make libs in ps7_cortexa9_0/libsrc/cpu_cortexa9_v2_7/src"
make -C ps7_cortexa9_0/libsrc/cpu_cortexa9_v2_7/src -s libs  "SHELL=CMD" "COMPILER=arm-none-eabi-gcc" "ARCHIVER=arm-none-eabi-ar" "COMPILER_FLAGS=  -O2 -c" "EXTRA_COMPILER_FLAGS=-mcpu=cortex-a9 -mfpu=vfpv3 -mfloat-abi=hard -nostartfiles -g -Wall -Wextra"
"Compiling cpu_cortexa9"
"Running Make libs in ps7_cortexa9_0/libsrc/ddrps_v1_0/src"
make -C ps7_cortexa9_0/libsrc/ddrps_v1_0/src -s libs  "SHELL=CMD" "COMPILER=arm-none-eabi-gcc" "ARCHIVER=arm-none-eabi-ar" "COMPILER_FLAGS=  -O2 -c" "EXTRA_COMPILER_FLAGS=-mcpu=cortex-a9 -mfpu=vfpv3 -mfloat-abi=hard -nostartfiles -g -Wall -Wextra"
"Compiling ddrps"
"Running Make libs in ps7_cortexa9_0/libsrc/devcfg_v3_5/src"
make -C ps7_cortexa9_0/libsrc/devcfg_v3_5/src -s libs  "SHELL=CMD" "COMPILER=arm-none-eabi-gcc" "ARCHIVER=arm-none-eabi-ar" "COMPILER_FLAGS=  -O2 -c" "EXTRA_COMPILER_FLAGS=-mcpu=cortex-a9 -mfpu=vfpv3 -mfloat-abi=hard -nostartfiles -g -Wall -Wextra"
"Compiling devcfg"
"Running Make libs in ps7_cortexa9_0/libsrc/dmaps_v2_4/src"
make -C ps7_cortexa9_0/libsrc/dmaps_v2_4/src -s libs  "SHELL=CMD" "COMPILER=arm-none-eabi-gcc" "ARCHIVER=arm-none-eabi-ar" "COMPILER_FLAGS=  -O2 -c" "EXTRA_COMPILER_FLAGS=-mcpu=cortex-a9 -mfpu=vfpv3 -mfloat-abi=hard -nostartfiles -g -Wall -Wextra"
"Compiling dmaps"
"Running Make libs in ps7_cortexa9_0/libsrc/gpiops_v3_4/src"
make -C ps7_cortexa9_0/libsrc/gpiops_v3_4/src -s libs  "SHELL=CMD" "COMPILER=arm-none-eabi-gcc" "ARCHIVER=arm-none-eabi-ar" "COMPILER_FLAGS=  -O2 -c" "EXTRA_COMPILER_FLAGS=-mcpu=cortex-a9 -mfpu=vfpv3 -mfloat-abi=hard -nostartfiles -g -Wall -Wextra"
"Compiling gpiops"
"Running Make libs in ps7_cortexa9_0/libsrc/iic_v3_5/src"
make -C ps7_cortexa9_0/libsrc/iic_v3_5/src -s libs  "SHELL=CMD" "COMPILER=arm-none-eabi-gcc" "ARCHIVER=arm-none-eabi-ar" "COMPILER_FLAGS=  -O2 -c" "EXTRA_COMPILER_FLAGS=-mcpu=cortex-a9 -mfpu=vfpv3 -mfloat-abi=hard -nostartfiles -g -Wall -Wextra"
"Compiling iic"
"Running Make libs in ps7_cortexa9_0/libsrc/intc_v3_8/src"
make -C ps7_cortexa9_0/libsrc/intc_v3_8/src -s libs  "SHELL=CMD" "COMPILER=arm-none-eabi-gcc" "ARCHIVER=arm-none-eabi-ar" "COMPILER_FLAGS=  -O2 -c" "EXTRA_COMPILER_FLAGS=-mcpu=cortex-a9 -mfpu=vfpv3 -mfloat-abi=hard -nostartfiles -g -Wall -Wextra"
"Compiling intc"
"Running Make libs in ps7_cortexa9_0/libsrc/scugic_v3_10/src"
make -C ps7_cortexa9_0/libsrc/scugic_v3_10/src -s libs  "SHELL=CMD" "COMPILER=arm-none-eabi-gcc" "ARCHIVER=arm-none-eabi-ar" "COMPILER_FLAGS=  -O2 -c" "EXTRA_COMPILER_FLAGS=-mcpu=cortex-a9 -mfpu=vfpv3 -mfloat-abi=hard -nostartfiles -g -Wall -Wextra"
"Compiling scugic"
"Running Make libs in ps7_cortexa9_0/libsrc/scutimer_v2_1/src"
make -C ps7_cortexa9_0/libsrc/scutimer_v2_1/src -s libs  "SHELL=CMD" "COMPILER=arm-none-eabi-gcc" "ARCHIVER=arm-none-eabi-ar" "COMPILER_FLAGS=  -O2 -c" "EXTRA_COMPILER_FLAGS=-mcpu=cortex-a9 -mfpu=vfpv3 -mfloat-abi=hard -nostartfiles -g -Wall -Wextra"
"Compiling scutimer"
"Running Make libs in ps7_cortexa9_0/libsrc/scuwdt_v2_1/src"
make -C ps7_cortexa9_0/libsrc/scuwdt_v2_1/src -s libs  "SHELL=CMD" "COMPILER=arm-none-eabi-gcc" "ARCHIVER=arm-none-eabi-ar" "COMPILER_FLAGS=  -O2 -c" "EXTRA_COMPILER_FLAGS=-mcpu=cortex-a9 -mfpu=vfpv3 -mfloat-abi=hard -nostartfiles -g -Wall -Wextra"
"Compiling scuwdt"
"Running Make libs in ps7_cortexa9_0/libsrc/sdps_v3_6/src"
make -C ps7_cortexa9_0/libsrc/sdps_v3_6/src -s libs  "SHELL=CMD" "COMPILER=arm-none-eabi-gcc" "ARCHIVER=arm-none-eabi-ar" "COMPILER_FLAGS=  -O2 -c" "EXTRA_COMPILER_FLAGS=-mcpu=cortex-a9 -mfpu=vfpv3 -mfloat-abi=hard -nostartfiles -g -Wall -Wextra"
"Compiling sdps"
"Running Make libs in ps7_cortexa9_0/libsrc/standalone_v6_8/src"
make -C ps7_cortexa9_0/libsrc/standalone_v6_8/src -s libs  "SHELL=CMD" "COMPILER=arm-none-eabi-gcc" "ARCHIVER=arm-none-eabi-ar" "COMPILER_FLAGS=  -O2 -c" "EXTRA_COMPILER_FLAGS=-mcpu=cortex-a9 -mfpu=vfpv3 -mfloat-abi=hard -nostartfiles -g -Wall -Wextra"
"Compiling standalone"
In file included from usleep.c:56:0:
xtime_l.h:87:9: note: #pragma message: For the sleep routines, Global timer is being used
 #pragma message ("For the sleep routines, Global timer is being used")
         ^~~~~~~
In file included from xil_sleeptimer.c:51:0:
xtime_l.h:87:9: note: #pragma message: For the sleep routines, Global timer is being used
 #pragma message ("For the sleep routines, Global timer is being used")
         ^~~~~~~
In file included from xtime_l.c:49:0:
xtime_l.h:87:9: note: #pragma message: For the sleep routines, Global timer is being used
 #pragma message ("For the sleep routines, Global timer is being used")
         ^~~~~~~
In file included from sleep.c:53:0:
xtime_l.h:87:9: note: #pragma message: For the sleep routines, Global timer is being used
 #pragma message ("For the sleep routines, Global timer is being used")
         ^~~~~~~
"Running Make libs in ps7_cortexa9_0/libsrc/uartps_v3_7/src"
make -C ps7_cortexa9_0/libsrc/uartps_v3_7/src -s libs  "SHELL=CMD" "COMPILER=arm-none-eabi-gcc" "ARCHIVER=arm-none-eabi-ar" "COMPILER_FLAGS=  -O2 -c" "EXTRA_COMPILER_FLAGS=-mcpu=cortex-a9 -mfpu=vfpv3 -mfloat-abi=hard -nostartfiles -g -Wall -Wextra"
"Compiling uartps"
"Running Make libs in ps7_cortexa9_0/libsrc/xadcps_v2_3/src"
make -C ps7_cortexa9_0/libsrc/xadcps_v2_3/src -s libs  "SHELL=CMD" "COMPILER=arm-none-eabi-gcc" "ARCHIVER=arm-none-eabi-ar" "COMPILER_FLAGS=  -O2 -c" "EXTRA_COMPILER_FLAGS=-mcpu=cortex-a9 -mfpu=vfpv3 -mfloat-abi=hard -nostartfiles -g -Wall -Wextra"
"Compiling xadcps"
"Running Make libs in ps7_cortexa9_0/libsrc/xil_camif_v1_0/src"
make -C ps7_cortexa9_0/libsrc/xil_camif_v1_0/src -s libs  "SHELL=CMD" "COMPILER=arm-none-eabi-gcc" "ARCHIVER=arm-none-eabi-ar" "COMPILER_FLAGS=  -O2 -c" "EXTRA_COMPILER_FLAGS=-mcpu=cortex-a9 -mfpu=vfpv3 -mfloat-abi=hard -nostartfiles -g -Wall -Wextra"
"Compiling xil_camif..."
xil_camif_selftest.c: In function 'XIL_CAMIF_Reg_SelfTest':
xil_camif_selftest.c:52:58: warning: comparison between signed and unsigned integer expressions [-Wsign-compare]
    if ( XIL_CAMIF_mReadReg (baseaddr, read_loop_index*4) != (read_loop_index+1)*READ_WRITE_MUL_FACTOR){
                                                          ^~
xil_camif_selftest.c:36:6: warning: unused variable 'Index' [-Wunused-variable]
  int Index;
      ^~~~~
"Running Make libs in ps7_cortexa9_0/libsrc/xil_isp_lite_v1_0/src"
make -C ps7_cortexa9_0/libsrc/xil_isp_lite_v1_0/src -s libs  "SHELL=CMD" "COMPILER=arm-none-eabi-gcc" "ARCHIVER=arm-none-eabi-ar" "COMPILER_FLAGS=  -O2 -c" "EXTRA_COMPILER_FLAGS=-mcpu=cortex-a9 -mfpu=vfpv3 -mfloat-abi=hard -nostartfiles -g -Wall -Wextra"
"Compiling xil_isp_lite..."
xil_isp_lite.c: In function 'isp_ae_handler':
xil_isp_lite.c:80:3: warning: implicit declaration of function 'printf' [-Wimplicit-function-declaration]
   printf("ALG_AEC: Exposure:%u Gain:0x%04X ISP_DGain:0x%02X (pixcnt:%llu sum_luma:%llu, avg_luma:%llu, target_luma:%u)\n",
   ^~~~~~
xil_isp_lite.c:80:3: warning: incompatible implicit declaration of built-in function 'printf'
xil_isp_lite.c:80:3: note: include '<stdio.h>' or provide a declaration of 'printf'
xil_isp_lite.c: In function 'isp_awb_handler':
xil_isp_lite.c:136:3: warning: incompatible implicit declaration of built-in function 'printf'
   printf("ALG_AWB RGain:0x%02X BGain:0x%02X (pixcnt:%llu sum_rgb:%llu,%llu,%llu, avg_rgb:%llu,%llu,%llu)\n",
   ^~~~~~
xil_isp_lite.c:136:3: note: include '<stdio.h>' or provide a declaration of 'printf'
xil_isp_lite_selftest.c: In function 'XIL_ISP_LITE_Reg_SelfTest':
xil_isp_lite_selftest.c:52:61: warning: comparison between signed and unsigned integer expressions [-Wsign-compare]
    if ( XIL_ISP_LITE_mReadReg (baseaddr, read_loop_index*4) != (read_loop_index+1)*READ_WRITE_MUL_FACTOR){
                                                             ^~
xil_isp_lite_selftest.c:36:6: warning: unused variable 'Index' [-Wunused-variable]
  int Index;
      ^~~~~
"Running Make libs in ps7_cortexa9_0/libsrc/xil_vip_v1_0/src"
make -C ps7_cortexa9_0/libsrc/xil_vip_v1_0/src -s libs  "SHELL=CMD" "COMPILER=arm-none-eabi-gcc" "ARCHIVER=arm-none-eabi-ar" "COMPILER_FLAGS=  -O2 -c" "EXTRA_COMPILER_FLAGS=-mcpu=cortex-a9 -mfpu=vfpv3 -mfloat-abi=hard -nostartfiles -g -Wall -Wextra"
"Compiling xil_vip..."
xil_vip_selftest.c: In function 'XIL_VIP_Reg_SelfTest':
xil_vip_selftest.c:52:56: warning: comparison between signed and unsigned integer expressions [-Wsign-compare]
    if ( XIL_VIP_mReadReg (baseaddr, read_loop_index*4) != (read_loop_index+1)*READ_WRITE_MUL_FACTOR){
                                                        ^~
xil_vip_selftest.c:36:6: warning: unused variable 'Index' [-Wunused-variable]
  int Index;
      ^~~~~
'Finished building libraries'
01:03:38 **** Build of configuration Debug for project base ****
make pre-build main-build 
a9-linaro-pre-build-step
' '
'Building file: ../src/main.c'
'Invoking: ARM v7 gcc compiler'
arm-none-eabi-gcc -Wall -O0 -g3 -c -fmessage-length=0 -MT"src/main.o" -mcpu=cortex-a9 -mfpu=vfpv3 -mfloat-abi=hard -I../../base_bsp/ps7_cortexa9_0/include -MMD -MP -MF"src/main.d" -MT"src/main.o" -o "src/main.o" "../src/main.c"
In file included from ../src/main.c:7:0:
../../base_bsp/ps7_cortexa9_0/include/xtime_l.h:87:9: note: #pragma message: For the sleep routines, Global timer is being used
 #pragma message ("For the sleep routines, Global timer is being used")
         ^~~~~~~
../src/main.c: In function 'vip_init_osd':
../src/main.c:558:44: warning: format '%X' expects argument of type 'unsigned int', but argument 6 has type 'u32 {aka long unsigned int}' [-Wformat=]
  printf("osd rect:%lu,%lu,%lu,%lu fg/bg:%08X,%08X\n",
                                         ~~~^
                                         %08lX
../src/main.c:558:49: warning: format '%X' expects argument of type 'unsigned int', but argument 7 has type 'u32 {aka long unsigned int}' [-Wformat=]
  printf("osd rect:%lu,%lu,%lu,%lu fg/bg:%08X,%08X\n",
                                              ~~~^
                                              %08lX
'Finished building: ../src/main.c'
' '
'Building file: ../src/ov5640_init.c'
'Invoking: ARM v7 gcc compiler'
arm-none-eabi-gcc -Wall -O0 -g3 -c -fmessage-length=0 -MT"src/ov5640_init.o" -mcpu=cortex-a9 -mfpu=vfpv3 -mfloat-abi=hard -I../../base_bsp/ps7_cortexa9_0/include -MMD -MP -MF"src/ov5640_init.d" -MT"src/ov5640_init.o" -o "src/ov5640_init.o" "../src/ov5640_init.c"
'Finished building: ../src/ov5640_init.c'
' '
'Building file: ../src/sys_intr.c'
'Invoking: ARM v7 gcc compiler'
arm-none-eabi-gcc -Wall -O0 -g3 -c -fmessage-length=0 -MT"src/sys_intr.o" -mcpu=cortex-a9 -mfpu=vfpv3 -mfloat-abi=hard -I../../base_bsp/ps7_cortexa9_0/include -MMD -MP -MF"src/sys_intr.d" -MT"src/sys_intr.o" -o "src/sys_intr.o" "../src/sys_intr.c"
'Finished building: ../src/sys_intr.c'
' '
'Building file: ../src/vdma_api.c'
'Invoking: ARM v7 gcc compiler'
arm-none-eabi-gcc -Wall -O0 -g3 -c -fmessage-length=0 -MT"src/vdma_api.o" -mcpu=cortex-a9 -mfpu=vfpv3 -mfloat-abi=hard -I../../base_bsp/ps7_cortexa9_0/include -MMD -MP -MF"src/vdma_api.d" -MT"src/vdma_api.o" -o "src/vdma_api.o" "../src/vdma_api.c"
'Finished building: ../src/vdma_api.c'
' '
'Building target: base.elf'
'Invoking: ARM v7 gcc linker'
arm-none-eabi-gcc -mcpu=cortex-a9 -mfpu=vfpv3 -mfloat-abi=hard -Wl,-build-id=none -specs=Xilinx.spec -Wl,-T -Wl,../src/lscript.ld -L../../base_bsp/ps7_cortexa9_0/lib -o "base.elf"  ./src/main.o ./src/ov5640_init.o ./src/sys_intr.o ./src/vdma_api.o   -Wl,--start-group,-lxil,-lgcc,-lc,--end-group
'Finished building target: base.elf'
' '
'Invoking: ARM v7 Print Size'
arm-none-eabi-size base.elf  |tee "base.elf.size"
   text	   data	    bss	    dec	    hex	filename
 120832	   3936	  24816	 149584	  24850	base.elf
'Finished building: base.elf.size'
' '
01:03:44 **** Incremental Build of configuration Debug for project base ****
make pre-build main-build 
a9-linaro-pre-build-step
' '
make: Nothing to be done for 'main-build'.
