22:44:56 **** Incremental Build of configuration Debug for project base ****
make pre-build main-build 
a9-linaro-pre-build-step
' '
'Building file: ../src/main.c'
'Invoking: ARM v7 gcc compiler'
arm-none-eabi-gcc -Wall -O0 -g3 -c -fmessage-length=0 -MT"src/main.o" -mcpu=cortex-a9 -mfpu=vfpv3 -mfloat-abi=hard -I../../base_bsp/ps7_cortexa9_0/include -MMD -MP -MF"src/main.d" -MT"src/main.o" -o "src/main.o" "../src/main.c"
In file included from ../src/main.c:7:0:
../../base_bsp/ps7_cortexa9_0/include/xtime_l.h:87:9: note: #pragma message: For the sleep routines, Global timer is being used
 #pragma message ("For the sleep routines, Global timer is being used")
         ^~~~~~~
../src/main.c: In function 'vip_init_osd':
../src/main.c:564:44: warning: format '%X' expects argument of type 'unsigned int', but argument 6 has type 'u32 {aka long unsigned int}' [-Wformat=]
  printf("osd rect:%lu,%lu,%lu,%lu fg/bg:%08X,%08X\n",
                                         ~~~^
                                         %08lX
../src/main.c:564:49: warning: format '%X' expects argument of type 'unsigned int', but argument 7 has type 'u32 {aka long unsigned int}' [-Wformat=]
  printf("osd rect:%lu,%lu,%lu,%lu fg/bg:%08X,%08X\n",
                                              ~~~^
                                              %08lX
At top level:
../src/main.c:624:28: warning: 'colorCurveTbl_8' defined but not used [-Wunused-const-variable=]
 static const unsigned char colorCurveTbl_8[9][2] = {
                            ^~~~~~~~~~~~~~~
../src/main.c:612:28: warning: 'colorCurveTbl_6' defined but not used [-Wunused-const-variable=]
 static const unsigned char colorCurveTbl_6[9][2] = {
                            ^~~~~~~~~~~~~~~
../src/main.c:592:28: warning: 'spaceWeightTbl_8' defined but not used [-Wunused-const-variable=]
 static const unsigned char spaceWeightTbl_8[7*7] = {
                            ^~~~~~~~~~~~~~~~
../src/main.c:582:28: warning: 'spaceWeightTbl_6' defined but not used [-Wunused-const-variable=]
 static const unsigned char spaceWeightTbl_6[7*7] = {
                            ^~~~~~~~~~~~~~~~
'Finished building: ../src/main.c'
' '
'Building target: base.elf'
'Invoking: ARM v7 gcc linker'
arm-none-eabi-gcc -mcpu=cortex-a9 -mfpu=vfpv3 -mfloat-abi=hard -Wl,-build-id=none -specs=Xilinx.spec -Wl,-T -Wl,../src/lscript.ld -L../../base_bsp/ps7_cortexa9_0/lib -o "base.elf"  ./src/main.o ./src/ov5640_init.o ./src/sys_intr.o ./src/vdma_api.o   -Wl,--start-group,-lxil,-lgcc,-lc,--end-group
'Finished building target: base.elf'
' '
'Invoking: ARM v7 Print Size'
arm-none-eabi-size base.elf  |tee "base.elf.size"
   text	   data	    bss	    dec	    hex	filename
 122776	   3936	  24816	 151528	  24fe8	base.elf
'Finished building: base.elf.size'
' '
22:45:11 **** Incremental Build of configuration Debug for project base ****
make pre-build main-build 
a9-linaro-pre-build-step
' '
make: Nothing to be done for 'main-build'.
