22:26:45 **** Build of configuration Debug for project h264 ****
make all 
make --no-print-directory pre-build
a9-linaro-pre-build-step
' '
make --no-print-directory main-build
'Building file: ../src/main.c'
'Invoking: ARM v7 gcc compiler'
arm-none-eabi-gcc -Wall -O0 -g3 -c -fmessage-length=0 -MT"src/main.o" -mcpu=cortex-a9 -mfpu=vfpv3 -mfloat-abi=hard -ID:/Work/fpga/zynq_cam_isp_demo/zynq_cam_isp_demo.vitis/h264_wrapper/export/h264_wrapper/sw/h264_wrapper/standalone_ps7_cortexa9_0/bspinclude/include -MMD -MP -MF"src/main.d" -MT"src/main.o" -o "src/main.o" "../src/main.c"
../src/main.c: In function '_XVFrmbufWr_Callback':
../src/main.c:120:1: warning: no return statement in function returning non-void [-Wreturn-type]
  120 | }
      | ^
../src/main.c: In function 'init_camif_isp_vip':
../src/main.c:195:2: warning: implicit declaration of function 'usleep' [-Wimplicit-function-declaration]
  195 |  usleep(100000);
      |  ^~~~~~
../src/main.c: In function 'yuv_convert':
../src/main.c:506:21: warning: initialization of 'unsigned int' from 'const unsigned char *' makes integer from pointer without a cast [-Wint-conversion]
  506 |  unsigned src_ptr = src;
      |                     ^~~
../src/main.c:507:21: warning: initialization of 'unsigned int' from 'unsigned char *' makes integer from pointer without a cast [-Wint-conversion]
  507 |  unsigned dst_ptr = dst;
      |                     ^~~
../src/main.c: In function 'main':
../src/main.c:617:19: warning: passing argument 2 of 'f_write' makes pointer from integer without a cast [-Wint-conversion]
  617 |     f_write(&fil, avc_buff, nbs, &bw);
      |                   ^~~~~~~~
      |                   |
      |                   int
In file included from ../src/main.c:315:
D:/Work/fpga/zynq_cam_isp_demo/zynq_cam_isp_demo.vitis/h264_wrapper/export/h264_wrapper/sw/h264_wrapper/standalone_ps7_cortexa9_0/bspinclude/include/ff.h:276:39: note: expected 'const void *' but argument is of type 'int'
  276 | FRESULT f_write (FIL* fp, const void* buff, UINT btw, UINT* bw); /* Write data to the file */
      |                           ~~~~~~~~~~~~^~~~
../src/main.c:594:67: warning: variable 'prev_vip_int' set but not used [-Wunused-but-set-variable]
  594 |  unsigned prev_frame_cnt = 0, prev_cam_int = 0, prev_isp_int = 0, prev_vip_int = 0;
      |                                                                   ^~~~~~~~~~~~
../src/main.c:594:49: warning: variable 'prev_isp_int' set but not used [-Wunused-but-set-variable]
  594 |  unsigned prev_frame_cnt = 0, prev_cam_int = 0, prev_isp_int = 0, prev_vip_int = 0;
      |                                                 ^~~~~~~~~~~~
../src/main.c:594:31: warning: variable 'prev_cam_int' set but not used [-Wunused-but-set-variable]
  594 |  unsigned prev_frame_cnt = 0, prev_cam_int = 0, prev_isp_int = 0, prev_vip_int = 0;
      |                               ^~~~~~~~~~~~
../src/main.c:594:11: warning: variable 'prev_frame_cnt' set but not used [-Wunused-but-set-variable]
  594 |  unsigned prev_frame_cnt = 0, prev_cam_int = 0, prev_isp_int = 0, prev_vip_int = 0;
      |           ^~~~~~~~~~~~~~
../src/main.c:534:11: warning: unused variable 'enc_vdma_inst' [-Wunused-variable]
  534 |  XAxiVdma enc_vdma_inst;
      |           ^~~~~~~~~~~~~
../src/main.c: In function 'vip_init_osd':
../src/main.c:748:44: warning: format '%X' expects argument of type 'unsigned int', but argument 6 has type 'u32' {aka 'long unsigned int'} [-Wformat=]
  748 |  printf("osd rect:%lu,%lu,%lu,%lu fg/bg:%08X,%08X\n",
      |                                         ~~~^
      |                                            |
      |                                            unsigned int
      |                                         %08lX
../src/main.c:748:49: warning: format '%X' expects argument of type 'unsigned int', but argument 7 has type 'u32' {aka 'long unsigned int'} [-Wformat=]
  748 |  printf("osd rect:%lu,%lu,%lu,%lu fg/bg:%08X,%08X\n",
      |                                              ~~~^
      |                                                 |
      |                                                 unsigned int
      |                                              %08lX
At top level:
../src/main.c:502:13: warning: 'yuv_convert' defined but not used [-Wunused-function]
  502 | static void yuv_convert(const unsigned char* src, unsigned char* dst, int width, int height)
      |             ^~~~~~~~~~~
'Finished building: ../src/main.c'
' '
'Building file: ../src/ov5640_init.c'
'Invoking: ARM v7 gcc compiler'
arm-none-eabi-gcc -Wall -O0 -g3 -c -fmessage-length=0 -MT"src/ov5640_init.o" -mcpu=cortex-a9 -mfpu=vfpv3 -mfloat-abi=hard -ID:/Work/fpga/zynq_cam_isp_demo/zynq_cam_isp_demo.vitis/h264_wrapper/export/h264_wrapper/sw/h264_wrapper/standalone_ps7_cortexa9_0/bspinclude/include -MMD -MP -MF"src/ov5640_init.d" -MT"src/ov5640_init.o" -o "src/ov5640_init.o" "../src/ov5640_init.c"
'Finished building: ../src/ov5640_init.c'
' '
'Building file: ../src/sys_intr.c'
'Invoking: ARM v7 gcc compiler'
arm-none-eabi-gcc -Wall -O0 -g3 -c -fmessage-length=0 -MT"src/sys_intr.o" -mcpu=cortex-a9 -mfpu=vfpv3 -mfloat-abi=hard -ID:/Work/fpga/zynq_cam_isp_demo/zynq_cam_isp_demo.vitis/h264_wrapper/export/h264_wrapper/sw/h264_wrapper/standalone_ps7_cortexa9_0/bspinclude/include -MMD -MP -MF"src/sys_intr.d" -MT"src/sys_intr.o" -o "src/sys_intr.o" "../src/sys_intr.c"
'Finished building: ../src/sys_intr.c'
' '
'Building file: ../src/vdma_api.c'
'Invoking: ARM v7 gcc compiler'
arm-none-eabi-gcc -Wall -O0 -g3 -c -fmessage-length=0 -MT"src/vdma_api.o" -mcpu=cortex-a9 -mfpu=vfpv3 -mfloat-abi=hard -ID:/Work/fpga/zynq_cam_isp_demo/zynq_cam_isp_demo.vitis/h264_wrapper/export/h264_wrapper/sw/h264_wrapper/standalone_ps7_cortexa9_0/bspinclude/include -MMD -MP -MF"src/vdma_api.d" -MT"src/vdma_api.o" -o "src/vdma_api.o" "../src/vdma_api.c"
'Finished building: ../src/vdma_api.c'
' '
'Building target: h264.elf'
'Invoking: ARM v7 gcc linker'
arm-none-eabi-gcc -mcpu=cortex-a9 -mfpu=vfpv3 -mfloat-abi=hard -Wl,-build-id=none -specs=Xilinx.spec -Wl,-T -Wl,../src/lscript.ld -LD:/Work/fpga/zynq_cam_isp_demo/zynq_cam_isp_demo.vitis/h264_wrapper/export/h264_wrapper/sw/h264_wrapper/standalone_ps7_cortexa9_0/bsplib/lib -o "h264.elf"  ./src/main.o ./src/ov5640_init.o ./src/sys_intr.o ./src/vdma_api.o   -Wl,--start-group,-lxil,-lgcc,-lc,--end-group -Wl,--start-group,-lxilffs,-lxil,-lgcc,-lc,--end-group
'Finished building target: h264.elf'
' '
'Invoking: ARM v7 Print Size'
arm-none-eabi-size h264.elf  |tee "h264.elf.size"
   text	   data	    bss	    dec	    hex	filename
 219280	   3772	  27104	 250156	  3d12c	h264.elf
'Finished building: h264.elf.size'
' '

22:26:47 Build Finished (took 1s.533ms)

